 dinput8

 Timestamp is 6a971f7c (Tue Sep  1 11:54:52 2026)

 Preferred load address is 10000000

 Start         Length     Name                   Class
 0001:00000000 00014c38H .text$mn                CODE
 0001:00014c38 000000bbH .text$x                 CODE
 0002:00000000 00000154H .idata$5                DATA
 0002:00000154 00000008H .00cfg                  DATA
 0002:0000015c 00000004H .CRT$XCA                DATA
 0002:00000160 00000004H .CRT$XCZ                DATA
 0002:00000164 00000004H .CRT$XIA                DATA
 0002:00000168 0000000cH .CRT$XIC                DATA
 0002:00000174 00000004H .CRT$XIZ                DATA
 0002:00000178 00000004H .CRT$XPA                DATA
 0002:0000017c 00000008H .CRT$XPX                DATA
 0002:00000184 00000004H .CRT$XPXA               DATA
 0002:00000188 00000004H .CRT$XPZ                DATA
 0002:0000018c 00000004H .CRT$XTA                DATA
 0002:00000190 00000010H .CRT$XTZ                DATA
 0002:00000194 00000000H .gfids$y                DATA
 0002:000001a0 00006160H .rdata                  DATA
 0002:00006300 00000000H .rdata$CastGuardVftablesA DATA
 0002:00006300 00000000H .rdata$CastGuardVftablesC DATA
 0002:00006300 000000dcH .rdata$r                DATA
 0002:000063dc 00000028H .rdata$sxdata           DATA
 0002:00006404 0000017cH .rdata$voltmd           DATA
 0002:00006580 0000029cH .rdata$zzzdbg           DATA
 0002:0000681c 00000004H .rtc$IAA                DATA
 0002:00006820 00000004H .rtc$IZZ                DATA
 0002:00006824 00000004H .rtc$TAA                DATA
 0002:00006828 00000008H .rtc$TZZ                DATA
 0002:00006830 000005d0H .xdata$x                DATA
 0002:00006e00 00000054H .edata                  DATA
 0002:00006e54 00000028H .idata$2                DATA
 0002:00006e7c 00000014H .idata$3                DATA
 0002:00006e90 00000154H .idata$4                DATA
 0002:00006fe4 0000061eH .idata$6                DATA
 0003:00000000 000008c0H .data                   DATA
 0003:000008c0 0000003cH .data$r                 DATA
 0003:000008fc 0000001cH .data$rs                DATA
 0003:00000918 00137bf0H .bss                    DATA

  Address         Publics by Value              Rva+Base       Lib:Object

 0000:00000000       ___AbsoluteZero            00000000     <absolute>
 0000:00000000       ___arm64x_extra_rfe_table  00000000     <absolute>
 0000:00000000       ___arm64x_extra_rfe_table_size 00000000     <absolute>
 0000:00000000       ___arm64x_native_entrypoint 00000000     <absolute>
 0000:00000000       ___arm64x_redirection_metadata 00000000     <absolute>
 0000:00000000       ___arm64x_redirection_metadata_count 00000000     <absolute>
 0000:00000000       ___dynamic_value_reloc_table 00000000     <absolute>
 0000:00000000       ___enclave_config          00000000     <absolute>
 0000:00000000       ___guard_check_icall_a64n_fptr 00000000     <absolute>
 0000:00000000       ___guard_eh_cont_count     00000000     <absolute>
 0000:00000000       ___guard_eh_cont_table     00000000     <absolute>
 0000:00000000       ___guard_fids_count        00000000     <absolute>
 0000:00000000       ___guard_fids_table        00000000     <absolute>
 0000:00000000       ___guard_iat_count         00000000     <absolute>
 0000:00000000       ___guard_iat_table         00000000     <absolute>
 0000:00000000       ___guard_longjmp_count     00000000     <absolute>
 0000:00000000       ___guard_longjmp_table     00000000     <absolute>
 0000:00000000       ___hybrid_auxiliary_iat    00000000     <absolute>
 0000:00000000       ___hybrid_auxiliary_iat_copy 00000000     <absolute>
 0000:00000000       ___hybrid_code_map         00000000     <absolute>
 0000:00000000       ___hybrid_code_map_count   00000000     <absolute>
 0000:00000000       ___x64_code_ranges_to_entry_points 00000000     <absolute>
 0000:00000000       ___x64_code_ranges_to_entry_points_count 00000000     <absolute>
 0000:00000000       __except_list              00000000     <absolute>
 0000:0000000a       ___safe_se_handler_count   0000000a     <absolute>
 0000:00000100       ___guard_flags             00000100     <absolute>
 0000:00000000       ___ImageBase               10000000     <linker-defined>
 0001:00000260       _DirectInput8Create@20     10001260 f   bfme60fps_time_scheduler.obj
 0001:00000370       _DllMain@12                10001370 f   bfme60fps_time_scheduler.obj
 0001:00000380       ___local_stdio_printf_options 10001380 f i bfme60fps_time_scheduler.obj
 0001:00000390       __snprintf                 10001390 f i bfme60fps_time_scheduler.obj
 0001:0000393b       ___raise_securityfailure   1000493b f   LIBCMT:gs_report.obj
 0001:00003963       ___report_gsfailure        10004963 f   LIBCMT:gs_report.obj
 0001:00003a5d       ___report_rangecheckfailure 10004a5d f   LIBCMT:gs_report.obj
 0001:00003a69       ___report_securityfailure  10004a69 f   LIBCMT:gs_report.obj
 0001:00003b38       @__security_check_cookie@4 10004b38 f   LIBCMT:secchk.obj
 0001:00003b50       __alldiv                   10004b50 f   LIBCMT:lldiv.obj
 0001:00003c00       __dtol3                    10004c00 f   LIBCMT:ftol3.obj
 0001:00003cb0       __ltod3                    10004cb0 f   LIBCMT:ftol3.obj
 0001:00004031       __DllMainCRTStartup@12     10005031 f   LIBCMT:dll_dllmain.obj
 0001:00004054       ___isa_available_init      10005054 f   LIBCMT:cpu_disp.obj
 0001:00004275       ___security_init_cookie    10005275 f   LIBCMT:gs_support.obj
 0001:000042c0       ?__scrt_initialize_type_info@@YAXXZ 100052c0 f   LIBCMT:tncleanup.obj
 0001:000042cc       ?__scrt_uninitialize_type_info@@YAXXZ 100052cc f   LIBCMT:tncleanup.obj
 0001:000042d8       ___local_stdio_scanf_options 100052d8 f i LIBCMT:default_local_stdio_options.obj
 0001:000042de       ___scrt_initialize_default_local_stdio_options 100052de f   LIBCMT:default_local_stdio_options.obj
 0001:0000433f       ___scrt_acquire_startup_lock 1000533f f   LIBCMT:utility.obj
 0001:00004371       ___scrt_dllmain_after_initialize_c 10005371 f   LIBCMT:utility.obj
 0001:0000439c       ___scrt_dllmain_before_initialize_c 1000539c f   LIBCMT:utility.obj
 0001:000043aa       ___scrt_dllmain_crt_thread_attach 100053aa f   LIBCMT:utility.obj
 0001:000043c9       ___scrt_dllmain_crt_thread_detach 100053c9 f   LIBCMT:utility.obj
 0001:000043d6       ___scrt_dllmain_exception_filter 100053d6 f   LIBCMT:utility.obj
 0001:0000440a       ___scrt_dllmain_uninitialize_c 1000540a f   LIBCMT:utility.obj
 0001:0000442d       ___scrt_dllmain_uninitialize_critical 1000542d f   LIBCMT:utility.obj
 0001:0000443a       ___scrt_initialize_crt     1000543a f   LIBCMT:utility.obj
 0001:00004473       ___scrt_initialize_onexit_tables 10005473 f   LIBCMT:utility.obj
 0001:000044fa       ___scrt_is_nonwritable_in_current_image 100054fa f   LIBCMT:utility.obj
 0001:0000458e       ___scrt_release_startup_lock 1000558e f   LIBCMT:utility.obj
 0001:000045ab       ___scrt_uninitialize_crt   100055ab f   LIBCMT:utility.obj
 0001:000045d3       ___scrt_get_dyn_tls_init_callback 100055d3 f   LIBCMT:dyn_tls_init.obj
 0001:000045d9       ___scrt_fastfail           100055d9 f   LIBCMT:utility_desktop.obj
 0001:000046f4       __crt_debugger_hook        100056f4 f   LIBCMT:utility_desktop.obj
 0001:000046fc       __RTC_Initialize           100056fc f   LIBCMT:initsect.obj
 0001:00004728       __RTC_Terminate            10005728 f   LIBCMT:initsect.obj
 0001:00004760       __SEH_prolog4              10005760 f   LIBCMT:sehprolg4.obj
 0001:000047a5       @_guard_check_icall_nop@4  100057a5 f i LIBCMT:guard_support.obj
 0001:000047a8       __get_startup_argv_mode    100057a8 f   LIBCMT:argv_mode.obj
 0001:000047ac       ___scrt_is_ucrt_dll_in_use 100057ac f   LIBCMT:ucrt_detection.obj
 0001:000047c0       _memset                    100057c0 f   libvcruntime:memset.obj
 0001:00004960       __except_handler4          10005960 f   libvcruntime:chandler4.obj
 0001:00004abe       ___std_type_info_compare   10005abe f   libvcruntime:std_type_info.obj
 0001:00004afa       ___std_type_info_destroy_list 10005afa f   libvcruntime:std_type_info.obj
 0001:00004b1d       ___vcrt_initialize         10005b1d f   libvcruntime:initialization.obj
 0001:00004b3c       ___vcrt_thread_attach      10005b3c f   libvcruntime:initialization.obj
 0001:00004b47       ___vcrt_thread_detach      10005b47 f   libvcruntime:initialization.obj
 0001:00004b52       ___vcrt_uninitialize       10005b52 f   libvcruntime:initialization.obj
 0001:00004b69       ___vcrt_uninitialize_critical 10005b69 f   libvcruntime:initialization.obj
 0001:00004b71       ___DestructExceptionObject 10005b71 f   libvcruntime:ehhelpers.obj
 0001:00004c12       ?_CallMemberFunction0@@YGXQAX0@Z 10005c12 f i libvcruntime:ehhelpers.obj
 0001:00004c77       __IsExceptionObjectToBeDestroyed 10005c77 f   libvcruntime:ehhelpers.obj
 0001:00004c9d       ___AdjustPointer           10005c9d f   libvcruntime:ehhelpers.obj
 0001:00004cc2       ___FrameUnwindFilter       10005cc2 f   libvcruntime:ehhelpers.obj
 0001:00004d18       ___std_terminate           10005d18 f   libvcruntime:ehhelpers.obj
 0001:00004d20       __local_unwind4            10005d20 f   libvcruntime:exsup4.obj
 0001:00004e10       @_EH4_CallFilterFunc@8     10005e10 f   libvcruntime:exsup4.obj
 0001:00004e30       @_EH4_TransferToHandler@8  10005e30 f   libvcruntime:exsup4.obj
 0001:00004e50       @_EH4_GlobalUnwind2@8      10005e50 f   libvcruntime:exsup4.obj
 0001:00004e70       @_EH4_LocalUnwind@16       10005e70 f   libvcruntime:exsup4.obj
 0001:00004e87       ___except_validate_context_record 10005e87 f   libvcruntime:jbcxrval.obj
 0001:00004eb7       ___vcrt_freefls@4          10005eb7 f   libvcruntime:per_thread_data.obj
 0001:00004ed3       ___vcrt_freeptd            10005ed3 f   libvcruntime:per_thread_data.obj
 0001:00004f09       ___vcrt_getptd             10005f09 f   libvcruntime:per_thread_data.obj
 0001:00004f17       ___vcrt_getptd_noexit      10005f17 f   libvcruntime:per_thread_data.obj
 0001:00004fa9       ___vcrt_initialize_ptd     10005fa9 f   libvcruntime:per_thread_data.obj
 0001:00004fdc       ___vcrt_uninitialize_ptd   10005fdc f   libvcruntime:per_thread_data.obj
 0001:00004ff7       ___vcrt_initialize_locks   10005ff7 f   libvcruntime:locks.obj
 0001:00005033       ___vcrt_uninitialize_locks 10006033 f   libvcruntime:locks.obj
 0001:00005070       __NLG_Notify1              10006070 f   libvcruntime:exsup.obj
 0001:00005080       __NLG_Notify               10006080 f   libvcruntime:exsup.obj
 0001:00005097       __NLG_Dispatch             10006097     libvcruntime:exsup.obj
 0001:00005097       __NLG_Dispatch2            10006097     libvcruntime:exsup.obj
 0001:000050a0       __NLG_Call                 100060a0 f   libvcruntime:exsup.obj
 0001:000050a2       __NLG_Return2              100060a2     libvcruntime:exsup.obj
 0001:000050a3       ?GetRangeOfTrysToCheck@__FrameHandler3@@SA?AU?$pair@Viterator@TryBlockMap@__FrameHandler3@@V123@@std@@AAVTryBlockMap@1@HPAXPBU_s_FuncInfo@@H@Z 100060a3 f   libvcruntime:trnsctrl.obj
 0001:00005113       ?_CallCatchBlock2@@YAPAXPAUEHRegistrationNode@@PBU_s_FuncInfo@@PAXHK@Z 10006113 f   libvcruntime:trnsctrl.obj
 0001:00005170       ?_CallSETranslator@@YAHPAUEHExceptionRecord@@PAUEHRegistrationNode@@PAX2PBU_s_FuncInfo@@H1@Z 10006170 f   libvcruntime:trnsctrl.obj
 0001:00005266       ?_JumpToContinuation@@YGXPAXPAUEHRegistrationNode@@@Z 10006266 f   libvcruntime:trnsctrl.obj
 0001:00005296       ?_UnwindNestedFrames@@YGXPAUEHRegistrationNode@@PAUEHExceptionRecord@@@Z 10006296 f   libvcruntime:trnsctrl.obj
 0001:000052e9       __CatchGuardHandler        100062e9 f   libvcruntime:trnsctrl.obj
 0001:0000531a       __CreateFrameInfo          1000631a f   libvcruntime:trnsctrl.obj
 0001:0000533e       __FindAndUnlinkFrame       1000633e f   libvcruntime:trnsctrl.obj
 0001:00005386       __TranslatorGuardHandler   10006386 f   libvcruntime:trnsctrl.obj
 0001:00005423       ___CxxFrameHandler3        10006423 f   libvcruntime:trnsctrl.obj
 0001:00005460       _memcpy                    10006460 f   libvcruntime:memcpy.obj
 0001:00005460       _memmove                   10006460 f   libvcruntime:memmove.obj
 0001:00005abf       ___vcrt_FlsAlloc           10006abf f   libvcruntime:winapi_downlevel.obj
 0001:00005afa       ___vcrt_FlsFree            10006afa f   libvcruntime:winapi_downlevel.obj
 0001:00005b35       ___vcrt_FlsGetValue        10006b35 f   libvcruntime:winapi_downlevel.obj
 0001:00005b70       ___vcrt_FlsSetValue        10006b70 f   libvcruntime:winapi_downlevel.obj
 0001:00005bae       ___vcrt_InitializeCriticalSectionEx 10006bae f   libvcruntime:winapi_downlevel.obj
 0001:00006327       ??$TypeMatchHelper@V__FrameHandler3@@@@YAHPBU_s_HandlerType@@PBU_s_CatchableType@@PBU_s_ThrowInfo@@@Z 10007327 f i libvcruntime:frame.obj
 0001:000063b5       ??$__InternalCxxFrameHandler@V__FrameHandler3@@@@YA?AW4_EXCEPTION_DISPOSITION@@PAUEHExceptionRecord@@PAUEHRegistrationNode@@PAU_CONTEXT@@PAXPBU_s_FuncInfo@@H1E@Z 100073b5 f i libvcruntime:frame.obj
 0001:000064b7       ??$__InternalCxxFrameHandlerWrapper@V__FrameHandler3@@@@YA?AW4_EXCEPTION_DISPOSITION@@PAUEHExceptionRecord@@PAUEHRegistrationNode@@PAU_CONTEXT@@PAXPBU_s_FuncInfo@@H1E@Z 100074b7 f i libvcruntime:frame.obj
 0001:000064c0       ??0bad_exception@std@@QAE@ABV01@@Z 100074c0 f i libvcruntime:frame.obj
 0001:000064db       ??0bad_exception@std@@QAE@XZ 100074db f i libvcruntime:frame.obj
 0001:000064f3       ??0exception@std@@QAE@ABV01@@Z 100074f3 f i libvcruntime:frame.obj
 0001:0000651f       ??1bad_exception@std@@UAE@XZ 1000751f f i libvcruntime:frame.obj
 0001:00006530       ??8type_info@@QBE_NABV0@@Z 10007530 f i libvcruntime:frame.obj
 0001:0000654f       ??_Ebad_exception@std@@UAEPAXI@Z 1000754f f i libvcruntime:frame.obj
 0001:0000654f       ??_Eexception@std@@UAEPAXI@Z 1000754f f i libvcruntime:frame.obj
 0001:0000654f       ??_Gbad_exception@std@@UAEPAXI@Z 1000754f f i libvcruntime:frame.obj
 0001:0000654f       ??_Gexception@std@@UAEPAXI@Z 1000754f f i libvcruntime:frame.obj
 0001:000067d4       ?FrameUnwindToEmptyState@__FrameHandler3@@SAXPAUEHRegistrationNode@@PAXPBU_s_FuncInfo@@@Z 100077d4 f   libvcruntime:frame.obj
 0001:000067ec       ?FrameUnwindToState@__FrameHandler3@@SAXPAUEHRegistrationNode@@PAXPBU_s_FuncInfo@@H@Z 100077ec f   libvcruntime:frame.obj
 0001:0000696e       ?_CallMemberFunction1@@YGXQAX00@Z 1000796e f i libvcruntime:frame.obj
 0001:0000697e       ?_CallMemberFunction2@@YGXQAX00H@Z 1000797e f i libvcruntime:frame.obj
 0001:00006991       ?getESTypes@__FrameHandler3@@SAPBU_s_ESTypeList@@PBU_s_FuncInfo@@@Z 10007991 f i libvcruntime:frame.obj
 0001:0000699c       ?what@exception@std@@UBEPBDXZ 1000799c f i libvcruntime:frame.obj
 0001:000069b0       __CallSettingFrame@12      100079b0 f   libvcruntime:lowhelpr.obj
 0001:000069d7       __NLG_Return               100079d7     libvcruntime:lowhelpr.obj
 0001:000069fc       _unexpected                100079fc f   libvcruntime:unexpected.obj
 0001:00006a19       ?GetCurrentState@__FrameHandler3@@SAHPAUEHRegistrationNode@@PAXPBU_s_FuncInfo@@@Z 10007a19 f   libvcruntime:ehstate.obj
 0001:00006a36       ?SetState@__FrameHandler3@@SAXPAUEHRegistrationNode@@PBU_s_FuncInfo@@H@Z 10007a36 f   libvcruntime:ehstate.obj
 0001:00006a44       ___std_exception_copy      10007a44 f   libvcruntime:std_exception.obj
 0001:00006aa7       ___std_exception_destroy   10007aa7 f   libvcruntime:std_exception.obj
 0001:00006ac6       __CxxThrowException@8      10007ac6 f   libvcruntime:throw.obj
 0001:00006cb4       ??$count@D@formatting_buffer@__crt_stdio_output@@QBEIXZ 10007cb4 f i libucrt:output.obj
 0001:00006ccc       ??$ensure_buffer_is_big_enough@D@formatting_buffer@__crt_stdio_output@@QAE_NIAAV__crt_cached_ptd_host@@@Z 10007ccc f i libucrt:output.obj
 0001:00006d4d       ??$is_overflow_condition@K@__crt_strtox@@YA_NIK@Z 10007d4d f i libucrt:output.obj
 0001:00006d7e       ??$is_wide_character_specifier@D@__crt_stdio_output@@YA_N_KDW4length_modifier@0@@Z 10007d7e f i libucrt:output.obj
 0001:00006daf       ??$parse_integer@KV?$c_string_character_source@D@__crt_strtox@@$0A@@__crt_strtox@@YAKAAV__crt_cached_ptd_host@@V?$c_string_character_source@D@0@H_N@Z 10007daf f i libucrt:output.obj
 0001:00006fbe       ??$scratch_data@D@formatting_buffer@__crt_stdio_output@@QAEPADXZ 10007fbe f i libucrt:output.obj
 0001:00006fdc       ??$type_case_integer@$07@?$output_processor@DV?$string_output_adapter@D@__crt_stdio_output@@V?$standard_base@DV?$string_output_adapter@D@__crt_stdio_output@@@2@@__crt_stdio_output@@AAE_N_N@Z 10007fdc f i libucrt:output.obj
 0001:00007159       ??$type_case_integer@$09@?$output_processor@DV?$string_output_adapter@D@__crt_stdio_output@@V?$standard_base@DV?$string_output_adapter@D@__crt_stdio_output@@@2@@__crt_stdio_output@@AAE_N_N@Z 10008159 f i libucrt:output.obj
 0001:000072d6       ??$type_case_integer@$0BA@@?$output_processor@DV?$string_output_adapter@D@__crt_stdio_output@@V?$standard_base@DV?$string_output_adapter@D@__crt_stdio_output@@@2@@__crt_stdio_output@@AAE_N_N@Z 100082d6 f i libucrt:output.obj
 0001:00007453       ??$type_case_integer_parse_into_buffer@I$07@?$output_processor@DV?$string_output_adapter@D@__crt_stdio_output@@V?$standard_base@DV?$string_output_adapter@D@__crt_stdio_output@@@2@@__crt_stdio_output@@AAEXI_N@Z 10008453 f i libucrt:output.obj
 0001:000074bd       ??$type_case_integer_parse_into_buffer@I$09@?$output_processor@DV?$string_output_adapter@D@__crt_stdio_output@@V?$standard_base@DV?$string_output_adapter@D@__crt_stdio_output@@@2@@__crt_stdio_output@@AAEXI_N@Z 100084bd f i libucrt:output.obj
 0001:00007537       ??$type_case_integer_parse_into_buffer@I$0BA@@?$output_processor@DV?$string_output_adapter@D@__crt_stdio_output@@V?$standard_base@DV?$string_output_adapter@D@__crt_stdio_output@@@2@@__crt_stdio_output@@AAEXI_N@Z 10008537 f i libucrt:output.obj
 0001:000075bf       ??$type_case_integer_parse_into_buffer@_K$07@?$output_processor@DV?$string_output_adapter@D@__crt_stdio_output@@V?$standard_base@DV?$string_output_adapter@D@__crt_stdio_output@@@2@@__crt_stdio_output@@AAEX_K_N@Z 100085bf f i libucrt:output.obj
 0001:00007637       ??$type_case_integer_parse_into_buffer@_K$09@?$output_processor@DV?$string_output_adapter@D@__crt_stdio_output@@V?$standard_base@DV?$string_output_adapter@D@__crt_stdio_output@@@2@@__crt_stdio_output@@AAEX_K_N@Z 10008637 f i libucrt:output.obj
 0001:000076d3       ??$type_case_integer_parse_into_buffer@_K$0BA@@?$output_processor@DV?$string_output_adapter@D@__crt_stdio_output@@V?$standard_base@DV?$string_output_adapter@D@__crt_stdio_output@@@2@@__crt_stdio_output@@AAEX_K_N@Z 100086d3 f i libucrt:output.obj
 0001:00007765       ??0?$output_adapter_data@DV?$string_output_adapter@D@__crt_stdio_output@@@__crt_stdio_output@@IAE@ABV?$string_output_adapter@D@1@_KQBDAAV__crt_cached_ptd_host@@QAD@Z 10008765 f i libucrt:output.obj
 0001:000077d0       ??0__crt_cached_ptd_host@@QAE@QAU__crt_locale_pointers@@@Z 100087d0 f i libucrt:output.obj
 0001:00007830       ??1__crt_cached_ptd_host@@QAE@XZ 10008830 f i libucrt:output.obj
 0001:0000786c       ??1formatting_buffer@__crt_stdio_output@@QAE@XZ 1000886c f i libucrt:output.obj
 0001:00007886       ??4?$__crt_unique_heap_ptr@DU__crt_internal_free_policy@@@@QAEAAV0@$$QAV0@@Z 10008886 f i libucrt:output.obj
 0001:000078aa       ?crop_zeroes@__crt_stdio_output@@YAXPADQAU__crt_locale_pointers@@@Z 100088aa f i libucrt:output.obj
 0001:0000790a       ?find_next_state@?$output_processor@DV?$string_output_adapter@D@__crt_stdio_output@@V?$standard_base@DV?$string_output_adapter@D@__crt_stdio_output@@@2@@__crt_stdio_output@@ABE?AW4state@2@DW432@@Z 1000890a f i libucrt:output.obj
 0001:00007945       ?force_decimal_point@__crt_stdio_output@@YAXPADQAU__crt_locale_pointers@@@Z 10008945 f i libucrt:output.obj
 0001:000079b0       ?force_synchronize_per_thread_data@__crt_cached_ptd_host@@AAEPAU__acrt_ptd@@XZ 100089b0 f i libucrt:output.obj
 0001:00007a00       ?get_raw_ptd@__crt_cached_ptd_host@@QAEPAU__acrt_ptd@@XZ 10008a00 f i libucrt:output.obj
 0001:00007a5c       ?parse_int_from_format_string@?$output_processor@DV?$string_output_adapter@D@__crt_stdio_output@@V?$standard_base@DV?$string_output_adapter@D@__crt_stdio_output@@@2@@__crt_stdio_output@@AAE_NQAH@Z 10008a5c f i libucrt:output.obj
 0001:00007ad4       ?process@?$output_processor@DV?$string_output_adapter@D@__crt_stdio_output@@V?$standard_base@DV?$string_output_adapter@D@__crt_stdio_output@@@2@@__crt_stdio_output@@QAEHXZ 10008ad4 f i libucrt:output.obj
 0001:00007da8       ?state_case_size@?$output_processor@DV?$string_output_adapter@D@__crt_stdio_output@@V?$standard_base@DV?$string_output_adapter@D@__crt_stdio_output@@@2@@__crt_stdio_output@@AAE_NXZ 10008da8 f i libucrt:output.obj
 0001:00007f06       ?state_case_type@?$output_processor@DV?$string_output_adapter@D@__crt_stdio_output@@V?$standard_base@DV?$string_output_adapter@D@__crt_stdio_output@@@2@@__crt_stdio_output@@AAE_NXZ 10008f06 f i libucrt:output.obj
 0001:00008294       ?to_integer_size@__crt_stdio_output@@YAIW4length_modifier@1@@Z 10009294 f i libucrt:output.obj
 0001:000082e8       ?type_case_Z@?$output_processor@DV?$string_output_adapter@D@__crt_stdio_output@@V?$standard_base@DV?$string_output_adapter@D@__crt_stdio_output@@@2@@__crt_stdio_output@@AAE_NXZ 100092e8 f i libucrt:output.obj
 0001:00008342       ?type_case_a@?$output_processor@DV?$string_output_adapter@D@__crt_stdio_output@@V?$standard_base@DV?$string_output_adapter@D@__crt_stdio_output@@@2@@__crt_stdio_output@@AAE_NXZ 10009342 f i libucrt:output.obj
 0001:000084cc       ?type_case_c_tchar@?$output_processor@DV?$string_output_adapter@D@__crt_stdio_output@@V?$standard_base@DV?$string_output_adapter@D@__crt_stdio_output@@@2@@__crt_stdio_output@@AAE_ND@Z 100094cc f i libucrt:output.obj
 0001:00008561       ?type_case_n@?$output_processor@DV?$string_output_adapter@D@__crt_stdio_output@@V?$standard_base@DV?$string_output_adapter@D@__crt_stdio_output@@@2@@__crt_stdio_output@@AAE_NXZ 10009561 f i libucrt:output.obj
 0001:000085e5       ?type_case_o@?$output_processor@DV?$string_output_adapter@D@__crt_stdio_output@@V?$standard_base@DV?$string_output_adapter@D@__crt_stdio_output@@@2@@__crt_stdio_output@@AAE_NXZ 100095e5 f i libucrt:output.obj
 0001:00008602       ?type_case_p@?$output_processor@DV?$string_output_adapter@D@__crt_stdio_output@@V?$standard_base@DV?$string_output_adapter@D@__crt_stdio_output@@@2@@__crt_stdio_output@@AAE_NXZ 10009602 f i libucrt:output.obj
 0001:00008618       ?type_case_s@?$output_processor@DV?$string_output_adapter@D@__crt_stdio_output@@V?$standard_base@DV?$string_output_adapter@D@__crt_stdio_output@@@2@@__crt_stdio_output@@AAE_NXZ 10009618 f i libucrt:output.obj
 0001:00008689       ?unget@?$c_string_character_source@D@__crt_strtox@@QAEXD@Z 10009689 f i libucrt:output.obj
 0001:000086c0       ?update_locale_slow@__crt_cached_ptd_host@@AAEXXZ 100096c0 f i libucrt:output.obj
 0001:0000871b       ?validate@?$c_string_character_source@D@__crt_strtox@@QBE_NXZ 1000971b f i libucrt:output.obj
 0001:00008736       ?validate@?$string_output_adapter@D@__crt_stdio_output@@QBE_NAAV__crt_cached_ptd_host@@@Z 10009736 f i libucrt:output.obj
 0001:00008767       ?write_string@?$string_output_adapter@D@__crt_stdio_output@@QBEXQBDHQAHAAV__crt_cached_ptd_host@@@Z 10009767 f i libucrt:output.obj
 0001:000087ce       ___acrt_locale_get_ctype_array_value 100097ce f i libucrt:output.obj
 0001:000087f0       ___stdio_common_vsprintf   100097f0 f   libucrt:output.obj
 0001:00008831       __errcode                  10009831 f   libucrt:fpexcept.obj
 0001:00008865       __except1                  10009865 f   libucrt:fpexcept.obj
 0001:00008933       __handle_exc               10009933 f   libucrt:fpexcept.obj
 0001:00008bac       __raise_exc                10009bac f   libucrt:fpexcept.obj
 0001:00008bcf       __raise_exc_ex             10009bcf f   libucrt:fpexcept.obj
 0001:00008ec5       __set_errno_from_matherr   10009ec5 f   libucrt:fpexcept.obj
 0001:00008ef4       __umatherr                 10009ef4 f   libucrt:fpexcept.obj
 0001:00008f94       __initterm                 10009f94 f   libucrt:initterm.obj
 0001:00008fbf       __initterm_e               10009fbf f   libucrt:initterm.obj
 0001:00008fed       __seh_filter_dll           10009fed f   libucrt:exception_filter.obj
 0001:0000900d       __seh_filter_exe           1000a00d f   libucrt:exception_filter.obj
 0001:0000943a       ___acrt_initialize_thread_local_exit_callback 1000a43a f   libucrt:exit.obj
 0001:00009449       __cexit                    1000a449 f   libucrt:exit.obj
 0001:00009458       __exit                     1000a458 f   libucrt:exit.obj
 0001:0000946e       __is_c_termination_complete 1000a46e f   libucrt:exit.obj
 0001:00009726       ___acrt_allocate_buffer_for_argv 1000a726 f   libucrt:argv_parsing.obj
 0001:00009775       __configure_narrow_argv    1000a775 f   libucrt:argv_parsing.obj
 0001:00009921       ___dcrt_uninitialize_environments_nolock 1000a921 f   libucrt:environment_initialization.obj
 0001:00009972       __initialize_narrow_environment 1000a972 f   libucrt:environment_initialization.obj
 0001:00009aac       __execute_onexit_table     1000aaac f   libucrt:onexit.obj
 0001:00009aea       __initialize_onexit_table  1000aaea f   libucrt:onexit.obj
 0001:00009b63       ___acrt_uninitialize_command_line 1000ab63 f   libucrt:argv_data.obj
 0001:00009be3       ??$__crt_fast_encode_pointer@PAX@@YAPAXQAX@Z 1000abe3 f i libucrt:initialization.obj
 0001:00009c30       ___acrt_initialize         1000ac30 f   libucrt:initialization.obj
 0001:00009c42       ___acrt_thread_attach      1000ac42 f   libucrt:initialization.obj
 0001:00009c4d       ___acrt_thread_detach      1000ac4d f   libucrt:initialization.obj
 0001:00009c55       ___acrt_uninitialize       1000ac55 f   libucrt:initialization.obj
 0001:00009c85       ___acrt_uninitialize_critical 1000ac85 f   libucrt:initialization.obj
 0001:00009c97       _terminate                 1000ac97 f   libucrt:terminate.obj
 0001:00009cd3       _free                      1000acd3 f   libucrt:free.obj
 0001:00009cee       _malloc                    1000acee f   libucrt:malloc.obj
 0001:00009cf9       _strcpy_s                  1000acf9 f   libucrt:strcpy_s.obj
 0001:00009d53       _abort                     1000ad53 f   libucrt:abort.obj
 0001:00009da0       _strncmp                   1000ada0 f   libucrt:strncmp.obj
 0001:00009e18       _calloc                    1000ae18 f   libucrt:calloc.obj
 0001:00009e23       _wcsncmp                   1000ae23 f   libucrt:wcsncmp.obj
 0001:00009e5d       ?check_synchronize_global_state_index@__crt_cached_ptd_host@@AAEIXZ 1000ae5d f i libucrt:invalid_parameter.obj
 0001:00009e86       ___acrt_call_reportfault   1000ae86 f   libucrt:invalid_parameter.obj
 0001:00009fbf       ___acrt_initialize_invalid_parameter_handler 1000afbf f   libucrt:invalid_parameter.obj
 0001:00009fce       __invalid_parameter        1000afce f   libucrt:invalid_parameter.obj
 0001:0000a005       __invalid_parameter_internal 1000b005 f   libucrt:invalid_parameter.obj
 0001:0000a082       __invalid_parameter_noinfo 1000b082 f   libucrt:invalid_parameter.obj
 0001:0000a092       __invoke_watson            1000b092 f   libucrt:invalid_parameter.obj
 0001:0000a0c6       ___acrt_errno_from_os_error 1000b0c6 f   libucrt:errno.obj
 0001:0000a109       ___acrt_errno_map_os_error 1000b109 f   libucrt:errno.obj
 0001:0000a12c       ___acrt_errno_map_os_error_ptd 1000b12c f   libucrt:errno.obj
 0001:0000a150       ___doserrno                1000b150 f   libucrt:errno.obj
 0001:0000a163       __errno                    1000b163 f   libucrt:errno.obj
 0001:0000a176       __free_base                1000b176 f   libucrt:free_base.obj
 0001:0000a1b0       __malloc_base              1000b1b0 f   libucrt:malloc_base.obj
 0001:0000a1fe       _strnlen                   1000b1fe f   libucrt:strnlen.obj
 0001:0000a320       _wcsnlen                   1000b320 f   libucrt:strnlen.obj
 0001:0000a4d0       ___acrt_update_locale_info 1000b4d0 f   libucrt:locale_update.obj
 0001:0000a4fd       ___acrt_update_locale_info_explicit 1000b4fd f   libucrt:locale_update.obj
 0001:0000a52e       ___acrt_update_multibyte_info 1000b52e f   libucrt:locale_update.obj
 0001:0000a55b       ___acrt_update_multibyte_info_explicit 1000b55b f   libucrt:locale_update.obj
 0001:0000a58c       ?__acrt_fp_classify@@YA?AW4__acrt_fp_class@@ABN@Z 1000b58c f i libucrt:cvt.obj
 0001:0000af55       ___acrt_fp_format          1000bf55 f   libucrt:cvt.obj
 0001:0000b0d6       __wctomb_internal          1000c0d6 f   libucrt:wctomb.obj
 0001:0000b240       __mbtowc_internal          1000c240 f   libucrt:mbtowc.obj
 0001:0000b373       __fileno                   1000c373 f   libucrt:fileno.obj
 0001:0000b39a       ___acrt_initialize_stdio   1000c39a f   libucrt:_file.obj
 0001:0000b462       ___acrt_uninitialize_stdio 1000c462 f   libucrt:_file.obj
 0001:0000b4ae       __lock_file                1000c4ae f   libucrt:_file.obj
 0001:0000b4c2       __unlock_file              1000c4c2 f   libucrt:_file.obj
 0001:0000b4d6       __get_printf_count_output  1000c4d6 f   libucrt:printf_count_output.obj
 0001:0000b829       ___acrt_freeptd            1000c829 f   libucrt:per_thread_data.obj
 0001:0000b855       ___acrt_getptd             1000c855 f   libucrt:per_thread_data.obj
 0001:0000b910       ___acrt_getptd_head        1000c910 f   libucrt:per_thread_data.obj
 0001:0000b9a6       ___acrt_getptd_noexit      1000c9a6 f   libucrt:per_thread_data.obj
 0001:0000ba57       ___acrt_getptd_noexit_explicit 1000ca57 f   libucrt:per_thread_data.obj
 0001:0000bafa       ___acrt_initialize_ptd     1000cafa f   libucrt:per_thread_data.obj
 0001:0000bb26       ___acrt_uninitialize_ptd   1000cb26 f   libucrt:per_thread_data.obj
 0001:0000bbae       ___acrt_set_locale_changed 1000cbae f   libucrt:wsetlocale.obj
 0001:0000bbb9       ___acrt_uninitialize_locale 1000cbb9 f   libucrt:wsetlocale.obj
 0001:0000bd46       ___acrt_initialize_lowio   1000cd46 f   libucrt:ioinit.obj
 0001:0000bda6       ___acrt_uninitialize_lowio 1000cda6 f   libucrt:ioinit.obj
 0001:0000bdd2       ___acrt_has_user_matherr   1000cdd2 f   libucrt:matherr.obj
 0001:0000bdea       ___acrt_initialize_user_matherr 1000cdea f   libucrt:matherr.obj
 0001:0000bdf9       ___acrt_invoke_user_matherr 1000cdf9 f   libucrt:matherr.obj
 0001:0000be2b       _fegetround                1000ce2b f   libucrt:fegetround.obj
 0001:0000be38       __decomp                   1000ce38 f   libucrt:util.obj
 0001:0000bf0a       __set_exp                  1000cf0a f   libucrt:util.obj
 0001:0000bf37       __sptype                   1000cf37 f   libucrt:util.obj
 0001:0000bf95       ___set_fpsr_sse2           1000cf95 f   libucrt:fpctrl.obj
 0001:0000c015       __clrfp                    1000d015 f   libucrt:fpctrl.obj
 0001:0000c026       __ctrlfp                   1000d026 f   libucrt:fpctrl.obj
 0001:0000c050       __set_statfp               1000d050 f   libucrt:fpctrl.obj
 0001:0000c0a9       __statfp                   1000d0a9 f   libucrt:fpctrl.obj
 0001:0000c0b9       ___acrt_initialize_locks   1000d0b9 f   libucrt:locks.obj
 0001:0000c0fa       ___acrt_lock               1000d0fa f   libucrt:locks.obj
 0001:0000c111       ___acrt_uninitialize_locks 1000d111 f   libucrt:locks.obj
 0001:0000c142       ___acrt_unlock             1000d142 f   libucrt:locks.obj
 0001:0000c159       ___acrt_get_process_end_policy 1000d159 f   libucrt:win_policies.obj
 0001:0000c18a       __calloc_base              1000d18a f   libucrt:calloc_base.obj
 0001:0000c1ff       ??$__acrt_convert_wcs_mbs_cp@D_WV<lambda_62f6974d9771e494a5ea317cc32e971c>@@U__crt_win32_buffer_internal_dynamic_resizing@@@@YAHQBDAAV?$__crt_win32_buffer@_WU__crt_win32_buffer_internal_dynamic_resizing@@@@ABV<lambda_62f6974d9771e494a5ea317cc32e971c>@@I@Z 1000d1ff f i libucrt:argv_wildcards.obj
 0001:0000c2b1       ??$__acrt_convert_wcs_mbs_cp@_WDV<lambda_28bda7af82a03b66c1cb3803a755f95d>@@U__crt_win32_buffer_internal_dynamic_resizing@@@@YAHQB_WAAV?$__crt_win32_buffer@DU__crt_win32_buffer_internal_dynamic_resizing@@@@ABV<lambda_28bda7af82a03b66c1cb3803a755f95d>@@I@Z 1000d2b1 f i libucrt:argv_wildcards.obj
 0001:0000c377       ??$__acrt_mbs_to_wcs_cp@U__crt_win32_buffer_internal_dynamic_resizing@@@@YAHQBDAAV?$__crt_win32_buffer@_WU__crt_win32_buffer_internal_dynamic_resizing@@@@I@Z 1000d377 f i libucrt:argv_wildcards.obj
 0001:0000c847       ??0_LocaleUpdate@@QAE@QAU__crt_locale_pointers@@@Z 1000d847 f i libucrt:argv_wildcards.obj
 0001:0000c8f2       ??R<lambda_0fec1a7b3f42a53036604e18c2d5e07e>@@QBEHIQB_WQADI@Z 1000d8f2 f i libucrt:getmodulefilenamea.obj
 0001:0000c8f2       ??R<lambda_28bda7af82a03b66c1cb3803a755f95d>@@QBEHIQB_WQADI@Z 1000d8f2 f i libucrt:argv_wildcards.obj
 0001:0000c916       ?__acrt_get_utf8_acp_compatibility_codepage@@YAIXZ 1000d916 f i libucrt:argv_wildcards.obj
 0001:0000c955       ?_deallocate@?$__crt_win32_buffer@DU__crt_win32_buffer_internal_dynamic_resizing@@@@AAEXXZ 1000d955 f i libucrt:argv_wildcards.obj
 0001:0000c955       ?_deallocate@?$__crt_win32_buffer@_WU__crt_win32_buffer_internal_dynamic_resizing@@@@AAEXXZ 1000d955 f i libucrt:argv_wildcards.obj
 0001:0000c96f       ?allocate@?$__crt_win32_buffer@DU__crt_win32_buffer_internal_dynamic_resizing@@@@QAEHI@Z 1000d96f f i libucrt:argv_wildcards.obj
 0001:0000c9ab       ?allocate@?$__crt_win32_buffer@_WU__crt_win32_buffer_internal_dynamic_resizing@@@@QAEHI@Z 1000d9ab f i libucrt:argv_wildcards.obj
 0001:0000c9ea       ?allocate@__crt_win32_buffer_internal_dynamic_resizing@@SAHQAPAXIABV__crt_win32_buffer_empty_debug_info@@@Z 1000d9ea f i libucrt:argv_wildcards.obj
 0001:0000ca90       ___acrt_expand_narrow_argv_wildcards 1000da90 f   libucrt:argv_wildcards.obj
 0001:0000ca9b       ??$__acrt_convert_wcs_mbs_cp@_WDV<lambda_0fec1a7b3f42a53036604e18c2d5e07e>@@U__crt_win32_buffer_no_resizing@@@@YAHQB_WAAV?$__crt_win32_buffer@DU__crt_win32_buffer_no_resizing@@@@ABV<lambda_0fec1a7b3f42a53036604e18c2d5e07e>@@I@Z 1000da9b f i libucrt:getmodulefilenamea.obj
 0001:0000cb5d       ?allocate@?$__crt_win32_buffer@DU__crt_win32_buffer_no_resizing@@@@QAEHI@Z 1000db5d f i libucrt:getmodulefilenamea.obj
 0001:0000cb84       ?set_to_nullptr@?$__crt_win32_buffer@DU__crt_win32_buffer_no_resizing@@@@QAEXXZ 1000db84 f i libucrt:getmodulefilenamea.obj
 0001:0000cb98       ___acrt_GetModuleFileNameA 1000db98 f   libucrt:getmodulefilenamea.obj
 0001:0000d1bc       ___acrt_initialize_multibyte 1000e1bc f   libucrt:mbctype.obj
 0001:0000d204       ___acrt_update_thread_multibyte_data 1000e204 f   libucrt:mbctype.obj
 0001:0000d217       __setmbcp_nolock           1000e217 f   libucrt:mbctype.obj
 0001:0000d4f0       __ismbblead                1000e4f0 f   libucrt:ismbbyte.obj
 0001:0000d508       ___acrt_initialize_command_line 1000e508 f   libucrt:argv_data.obj
 0001:0000d521       ___acrt_MultiByteToWideChar 1000e521 f   libucrt:multibytetowidechar.obj
 0001:0000d59d       ___acrt_WideCharToMultiByte 1000e59d f   libucrt:widechartomultibyte.obj
 0001:0000d68b       ___dcrt_get_narrow_environment_from_os 1000e68b f   libucrt:get_environment_from_os.obj
 0001:0000d72b       __recalloc_base            1000e72b f   libucrt:recalloc.obj
 0001:0000d934       ___acrt_AppPolicyGetProcessTerminationMethodInternal@4 1000e934 f   libucrt:winapi_thunks.obj
 0001:0000d974       ___acrt_AreFileApisANSI@0  1000e974 f   libucrt:winapi_thunks.obj
 0001:0000d993       ___acrt_FlsAlloc@4         1000e993 f   libucrt:winapi_thunks.obj
 0001:0000d9d2       ___acrt_FlsFree@4          1000e9d2 f   libucrt:winapi_thunks.obj
 0001:0000da11       ___acrt_FlsGetValue@4      1000ea11 f   libucrt:winapi_thunks.obj
 0001:0000da50       ___acrt_FlsSetValue@8      1000ea50 f   libucrt:winapi_thunks.obj
 0001:0000da92       ___acrt_InitializeCriticalSectionEx@12 1000ea92 f   libucrt:winapi_thunks.obj
 0001:0000dadd       ___acrt_LCMapStringEx@36   1000eadd f   libucrt:winapi_thunks.obj
 0001:0000db3a       ___acrt_LocaleNameToLCID@8 1000eb3a f   libucrt:winapi_thunks.obj
 0001:0000db6b       ___acrt_initialize_winapi_thunks 1000eb6b f   libucrt:winapi_thunks.obj
 0001:0000db7f       ___acrt_uninitialize_winapi_thunks 1000eb7f f   libucrt:winapi_thunks.obj
 0001:0000dbb5       ___acrt_initialize_heap    1000ebb5 f   libucrt:heap_handle.obj
 0001:0000dbc6       ___acrt_uninitialize_heap  1000ebc6 f   libucrt:heap_handle.obj
 0001:0000dbd0       ___acrt_execute_initializers 1000ebd0 f   libucrt:shared_initialization.obj
 0001:0000dc38       ___acrt_execute_uninitializers 1000ec38 f   libucrt:shared_initialization.obj
 0001:0000dc69       ___acrt_initialize_new_handler 1000ec69 f   libucrt:new_handler.obj
 0001:0000dc78       __callnewh                 1000ec78 f   libucrt:new_handler.obj
 0001:0000dca5       __query_new_handler        1000eca5 f   libucrt:new_handler.obj
 0001:0000ddcf       ___acrt_get_sigabrt_handler 1000edcf f   libucrt:signal.obj
 0001:0000ddf6       ___acrt_initialize_signal_handlers 1000edf6 f   libucrt:signal.obj
 0001:0000de14       _raise                     1000ee14 f   libucrt:signal.obj
 0001:0000e1e4       ___acrt_stdio_flush_nolock 1000f1e4 f   libucrt:fflush.obj
 0001:0000e24d       __fflush_nolock            1000f24d f   libucrt:fflush.obj
 0001:0000e2b2       __flushall                 1000f2b2 f   libucrt:fflush.obj
 0001:0000e2bb       __query_new_mode           1000f2bb f   libucrt:new_mode.obj
 0001:0000e2c2       ___acrt_add_locale_ref     1000f2c2 f   libucrt:locale_refcounting.obj
 0001:0000e33f       ___acrt_free_locale        1000f33f f   libucrt:locale_refcounting.obj
 0001:0000e487       ___acrt_locale_add_lc_time_reference 1000f487 f   libucrt:locale_refcounting.obj
 0001:0000e4b0       ___acrt_locale_free_lc_time_if_unreferenced 1000f4b0 f   libucrt:locale_refcounting.obj
 0001:0000e4e1       ___acrt_locale_release_lc_time_reference 1000f4e1 f   libucrt:locale_refcounting.obj
 0001:0000e50a       ___acrt_release_locale_ref 1000f50a f   libucrt:locale_refcounting.obj
 0001:0000e58b       ___acrt_update_thread_locale_data 1000f58b f   libucrt:locale_refcounting.obj
 0001:0000e60c       __updatetlocinfoEx_nolock  1000f60c f   libucrt:locale_refcounting.obj
 0001:0000e6da       ___acrt_fp_strflt_to_string 1000f6da f   libucrt:_fptostr.obj
 0001:0000e7e0       ?divide@__crt_strtox@@YA_KAAUbig_integer@1@ABU21@@Z 1000f7e0 f i libucrt:cfout.obj
 0001:0000ec68       ___acrt_fltout             1000fc68 f   libucrt:cfout.obj
 0001:000101a1       ?__c32rtomb_utf8@__crt_mbstring@@YAIPAD_UPAU_Mbstatet@@AAV__crt_cached_ptd_host@@@Z 100111a1 f   libucrt:c32rtomb.obj
 0001:0001027d       ?__mbrtowc_utf8@__crt_mbstring@@YAIPA_WPBDIPAU_Mbstatet@@AAV__crt_cached_ptd_host@@@Z 1001127d f   libucrt:mbrtowc.obj
 0001:000102c0       ?__mbsrtowcs_utf8@__crt_mbstring@@YAIPA_WPAPBDIPAU_Mbstatet@@AAV__crt_cached_ptd_host@@@Z 100112c0 f   libucrt:mbrtowc.obj
 0001:000103c8       __fcloseall                100113c8 f   libucrt:closeall.obj
 0001:00010473       ___acrt_stdio_free_buffer_nolock 10011473 f   libucrt:_freebuf.obj
 0001:000104b3       __isatty                   100114b3 f   libucrt:isatty.obj
 0001:00010509       ___acrt_locale_free_monetary 10011509 f   libucrt:initmon.obj
 0001:00010607       ___acrt_locale_free_numeric 10011607 f   libucrt:initnum.obj
 0001:00010695       ___acrt_locale_free_time   10011695 f   libucrt:inittime.obj
 0001:00010779       ___acrt_GetStringTypeA     10011779 f   libucrt:getstringtypea.obj
 0001:00010882       __freea_crt                10011882 f i libucrt:getstringtypea.obj
 0001:000108a2       ___acrt_lowio_create_handle_array 100118a2 f   libucrt:osfinfo.obj
 0001:0001091d       ___acrt_lowio_destroy_handle_array 1001191d f   libucrt:osfinfo.obj
 0001:00010952       ___acrt_lowio_ensure_fh_exists 10011952 f   libucrt:osfinfo.obj
 0001:000109f0       ___acrt_lowio_lock_fh      100119f0 f   libucrt:osfinfo.obj
 0001:00010a13       ___acrt_lowio_unlock_fh    10011a13 f   libucrt:osfinfo.obj
 0001:00010a36       __free_osfhnd              10011a36 f   libucrt:osfinfo.obj
 0001:00010ac7       __get_osfhandle            10011ac7 f   libucrt:osfinfo.obj
 0001:00010dfa       ___acrt_fenv_get_common_round_control 10011dfa f   libucrt:_fenvutils.obj
 0001:00010e1c       ___acrt_fenv_get_control   10011e1c f   libucrt:_fenvutils.obj
 0001:00010e9c       ___acrt_fenv_get_status    10011e9c f   libucrt:_fenvutils.obj
 0001:00010f46       ___acrt_fenv_set_control   10011f46 f   libucrt:_fenvutils.obj
 0001:00010fc1       ___acrt_fenv_set_status    10011fc1 f   libucrt:_fenvutils.obj
 0001:000110c0       _qsort                     100120c0 f   libucrt:qsort.obj
 0001:00011665       _strncpy_s                 10012665 f   libucrt:strncpy_s.obj
 0001:00011670       _strpbrk                   10012670 f   libucrt:strpbrk.obj
 0001:000116b0       __mbsdec                   100126b0 f   libucrt:mbsdec.obj
 0001:000116c7       __mbsdec_l                 100126c7 f   libucrt:mbsdec.obj
 0001:00011942       ___acrt_LCMapStringA       10012942 f   libucrt:lcmapstringa.obj
 0001:0001199a       __msize_base               1001299a f   libucrt:msize.obj
 0001:000119cd       __realloc_base             100129cd f   libucrt:realloc_base.obj
 0001:00011a86       ___acrt_DownlevelLocaleNameToLCID 10012a86 f   libucrt:lcidtoname_downlevel.obj
 0001:00011b54       __commit                   10012b54 f   libucrt:commit.obj
 0001:00012381       __write_internal           10013381 f   libucrt:write.obj
 0001:00012489       __write_nolock             10013489 f   libucrt:write.obj
 0001:00012689       __controlfp_s              10013689 f   libucrt:contrlfp.obj
 0001:000126e8       _fegetenv                  100136e8 f   libucrt:fegetenv.obj
 0001:00012705       _fesetenv                  10013705 f   libucrt:fesetenv.obj
 0001:00012750       _feholdexcept              10013750 f   libucrt:feholdexcept.obj
 0001:000127a0       __CIlog10                  100137a0 f   libucrt:log10_impl.obj
 0001:000127db       __CIlog10_default          100137db f   libucrt:log10_impl.obj
 0001:000127ef       __log10_default            100137ef     libucrt:log10_impl.obj
 0001:000128b0       _ceil                      100138b0 f   libucrt:ceil_pentium4.obj
 0001:000128f0       __ceil_pentium4            100138f0 f   libucrt:ceil_pentium4.obj
 0001:000129cd       ?reset_and_return@__crt_mbstring@@YAIIPAU_Mbstatet@@@Z 100139cd f   libucrt:common_utf8.obj
 0001:000129e1       ?return_illegal_sequence@__crt_mbstring@@YAIPAU_Mbstatet@@AAV__crt_cached_ptd_host@@@Z 100139e1 f   libucrt:common_utf8.obj
 0001:00012a03       ?__mbrtoc32_utf8@__crt_mbstring@@YAIPA_UPBDIPAU_Mbstatet@@AAV__crt_cached_ptd_host@@@Z 10013a03 f   libucrt:mbrtoc32.obj
 0001:00012ce6       _fclose                    10013ce6 f   libucrt:fclose.obj
 0001:00012d99       __lseeki64_nolock_internal 10013d99 f   libucrt:lseek.obj
 0001:00012db7       ___ascii_wcsnicmp          10013db7 f   libucrt:wcsnicmp.obj
 0001:00012e06       __query_app_type           10013e06 f   libucrt:report_runtime_error.obj
 0001:00012e0c       ___strncnt                 10013e0c f   libucrt:strncnt.obj
 0001:00012e28       __putwch_nolock            10013e28 f   libucrt:putwch.obj
 0001:00012f01       __clearfp                  10013f01 f   libucrt:ieee87.obj
 0001:00012fdf       __control87                10013fdf f   libucrt:ieee87.obj
 0001:0001337e       ___acrt_initialize_sse2    1001437e f   libucrt:mathfcns.obj
 0001:00013390       __CIlog10_pentium4         10014390 f   libucrt:log10_pentium4.obj
 0001:000133a8       __log10_pentium4           100143a8     libucrt:log10_pentium4.obj
 0001:00013640       __fFEXP                    10014640 f   libucrt:87tran.obj
 0001:00013697       __rtinfpopse               10014697     libucrt:87tran.obj
 0001:00013699       __rtinfnpopse              10014699     libucrt:87tran.obj
 0001:000136a9       __fFLN                     100146a9     libucrt:87tran.obj
 0001:0001375e       __rtinfpop                 1001475e     libucrt:87tran.obj
 0001:00013760       __rtinfnpop                10014760     libucrt:87tran.obj
 0001:00013770       __rtforexpinf              10014770 f   libucrt:87tran.obj
 0001:0001377d       __ffexpm1                  1001477d     libucrt:87tran.obj
 0001:00013830       __trandisp1                10014830 f   libucrt:87disp.obj
 0001:000138a5       __trandisp2                100148a5 f   libucrt:87disp.obj
 0001:0001393f       __rttospopde               1001493f     libucrt:87disp.obj
 0001:00013944       __rttospop                 10014944     libucrt:87disp.obj
 0001:00013950       __rtnospop                 10014950 f   libucrt:87disp.obj
 0001:00013960       __rttosnpop                10014960 f   libucrt:87disp.obj
 0001:00013961       __rtnospopde               10014961     libucrt:87disp.obj
 0001:00013968       __rtzeropop                10014968     libucrt:87disp.obj
 0001:0001396a       __rtzeronpop               1001496a     libucrt:87disp.obj
 0001:00013970       __rtzerospop               10014970 f   libucrt:87disp.obj
 0001:0001397d       __rtonepop                 1001497d     libucrt:87disp.obj
 0001:00013980       __rtonenpop                10014980 f   libucrt:87disp.obj
 0001:00013990       __tosnan1                  10014990 f   libucrt:87disp.obj
 0001:000139c0       __nosnan2                  100149c0 f   libucrt:87disp.obj
 0001:000139d0       __tosnan2                  100149d0 f   libucrt:87disp.obj
 0001:00013a00       __nan2                     10014a00 f   libucrt:87disp.obj
 0001:00013a40       __rtindfpop                10014a40 f   libucrt:87disp.obj
 0001:00013a42       __rtindfnpop               10014a42     libucrt:87disp.obj
 0001:00013a53       __rttosnpopde              10014a53     libucrt:87disp.obj
 0001:00013a60       __rtatan2inf               10014a60 f   libucrt:87disp.obj
 0001:00013a7d       __rtchsifneg               10014a7d     libucrt:87disp.obj
 0001:00013a90       __twoToTOS                 10014a90 f   libucrt:common.obj
 0001:00013aa5       __load_CW                  10014aa5 f   libucrt:common.obj
 0001:00013abc       __convertTOStoQNaN         10014abc f   libucrt:common.obj
 0001:00013ad5       __fload_withFB             10014ad5 f   libucrt:common.obj
 0001:00013b18       __checkTOS_withFB          10014b18 f   libucrt:common.obj
 0001:00013b2e       __fast_exit                10014b2e f   libucrt:common.obj
 0001:00013b3b       __math_exit                10014b3b f   libucrt:common.obj
 0001:00013b65       __check_overflow_exit      10014b65 f   libucrt:common.obj
 0001:00013b79       __check_range_exit         10014b79 f   libucrt:common.obj
 0001:00013c20       __startTwoArgErrorHandling 10014c20 f   libucrt:genexcep.obj
 0001:00013c37       __startOneArgErrorHandling 10014c37 f   libucrt:genexcep.obj
 0001:00013c73       ___libm_error_support      10014c73 f   libucrt:libm_error.obj
 0001:00013e67       __ceil_default             10014e67 f   libucrt:ceil.obj
 0001:00013fad       __close_internal           10014fad f   libucrt:close.obj
 0001:00014050       __close_nolock_internal    10015050 f   libucrt:close.obj
 0001:000140f0       ?__acrt_stdio_free_stream@@YAXV__crt_stdio_stream@@@Z 100150f0 f   libucrt:stream.obj
 0001:00014130       ___ascii_strnicmp          10015130 f   libucrt:_strnicm.obj
 0001:000141b0       ___dcrt_lowio_ensure_console_output_initialized 100151b0 f   libucrt:initcon.obj
 0001:000141cf       ___dcrt_terminate_console_output 100151cf f   libucrt:initcon.obj
 0001:000141e6       ___dcrt_write_console      100151e6 f   libucrt:initcon.obj
 0001:0001423b       __d_inttype                1001523b f   libucrt:powhlp.obj
 0001:000142a3       __powhlp                   100152a3 f   libucrt:powhlp.obj
 0001:000143ce       __87except                 100153ce f   libucrt:87except.obj
 0001:000144d8       __frnd                     100154d8 f   libucrt:frnd.obj
 0001:000144ec       __fpclass                  100154ec f   libucrt:ieeemisc.obj
 0001:00014590       __FindPESection            10015590 f   LIBCMT:pesect.obj
 0001:000145e0       __IsNonwritableInCurrentImage 100155e0 f   LIBCMT:pesect.obj
 0001:000146a0       __ValidateImageBase        100156a0 f   LIBCMT:pesect.obj
 0001:000146d1       ??_Etype_info@@UAEPAXI@Z   100156d1 f i LIBCMT:std_type_info_static.obj
 0001:000146d1       ??_Gtype_info@@UAEPAXI@Z   100156d1 f i LIBCMT:std_type_info_static.obj
 0001:000146f4       __EH_epilog3               100156f4 f   LIBCMT:ehprolg3.obj
 0001:00014708       __EH_prolog3               10015708 f   LIBCMT:ehprolg3.obj
 0001:0001473b       __EH_prolog3_catch         1001573b f   LIBCMT:ehprolg3.obj
 0001:00014780       __aulldvrm                 10015780 f   LIBCMT:ulldvrm.obj
 0001:00014815       ??3@YAXPAXI@Z              10015815 f   LIBCMT:delete_scalar_size.obj
 0001:00014830       __allmul                   10015830 f   LIBCMT:llmul.obj
 0001:00014870       __alldvrm                  10015870 f   LIBCMT:lldvrm.obj
 0001:00014950       __allshl                   10015950 f   LIBCMT:llshl.obj
 0001:00014970       __aullshr                  10015970 f   LIBCMT:ullshr.obj
 0001:00014990       __ftol2_sse                10015990 f   LIBCMT:ftol2.obj
 0001:000149a0       __ftoi2                    100159a0 f   LIBCMT:ftol2.obj
 0001:00014a20       __alloca_probe_16          10015a20 f   LIBCMT:alloca16.obj
 0001:00014a36       __alloca_probe_8           10015a36     LIBCMT:alloca16.obj
 0001:00014a50       __alloca_probe             10015a50 f   LIBCMT:chkstk.obj
 0001:00014a50       __chkstk                   10015a50 f   LIBCMT:chkstk.obj
 0001:00014a7b       ??3@YAXPAX@Z               10015a7b f   LIBCMT:delete_scalar.obj
 0001:00014a80       _strrchr                   10015a80 f   libvcruntime:strrchr.obj
 0001:00014bc0       __filter_x86_sse2_floating_point_exception 10015bc0 f   LIBCMT:x86_exception_filter.obj
 0001:00014bc0       __filter_x86_sse2_floating_point_exception_default 10015bc0 f   LIBCMT:x86_exception_filter.obj
 0002:00000000       __imp__LoadLibraryExW@12   10016000     kernel32:KERNEL32.dll
 0002:00000004       __imp__CreateFileW@28      10016004     kernel32:KERNEL32.dll
 0002:00000008       __imp__CreateFileA@28      10016008     kernel32:KERNEL32.dll
 0002:0000000c       __imp__GetFileSize@8       1001600c     kernel32:KERNEL32.dll
 0002:00000010       __imp__SetFilePointer@16   10016010     kernel32:KERNEL32.dll
 0002:00000014       __imp__WriteFile@20        10016014     kernel32:KERNEL32.dll
 0002:00000018       __imp__CloseHandle@4       10016018     kernel32:KERNEL32.dll
 0002:0000001c       __imp__QueryPerformanceCounter@4 1001601c     kernel32:KERNEL32.dll
 0002:00000020       __imp__QueryPerformanceFrequency@4 10016020     kernel32:KERNEL32.dll
 0002:00000024       __imp__Sleep@4             10016024     kernel32:KERNEL32.dll
 0002:00000028       __imp__GetCurrentProcess@0 10016028     kernel32:KERNEL32.dll
 0002:0000002c       __imp__GetCurrentProcessId@0 1001602c     kernel32:KERNEL32.dll
 0002:00000030       __imp__CreateThread@24     10016030     kernel32:KERNEL32.dll
 0002:00000034       __imp__FlushInstructionCache@12 10016034     kernel32:KERNEL32.dll
 0002:00000038       __imp__GetTickCount@0      10016038     kernel32:KERNEL32.dll
 0002:0000003c       __imp__GetSystemDirectoryA@8 1001603c     kernel32:KERNEL32.dll
 0002:00000040       __imp__VirtualAlloc@16     10016040     kernel32:KERNEL32.dll
 0002:00000044       __imp__VirtualProtect@16   10016044     kernel32:KERNEL32.dll
 0002:00000048       __imp__ReadProcessMemory@20 10016048     kernel32:KERNEL32.dll
 0002:0000004c       __imp__WriteProcessMemory@20 1001604c     kernel32:KERNEL32.dll
 0002:00000050       __imp__GetModuleHandleA@4  10016050     kernel32:KERNEL32.dll
 0002:00000054       __imp__GetProcAddress@8    10016054     kernel32:KERNEL32.dll
 0002:00000058       __imp__LoadLibraryA@4      10016058     kernel32:KERNEL32.dll
 0002:0000005c       __imp__lstrcatA@8          1001605c     kernel32:KERNEL32.dll
 0002:00000060       __imp__UnhandledExceptionFilter@4 10016060     kernel32:KERNEL32.dll
 0002:00000064       __imp__SetUnhandledExceptionFilter@4 10016064     kernel32:KERNEL32.dll
 0002:00000068       __imp__TerminateProcess@8  10016068     kernel32:KERNEL32.dll
 0002:0000006c       __imp__IsProcessorFeaturePresent@4 1001606c     kernel32:KERNEL32.dll
 0002:00000070       __imp__GetCurrentThreadId@0 10016070     kernel32:KERNEL32.dll
 0002:00000074       __imp__GetSystemTimeAsFileTime@4 10016074     kernel32:KERNEL32.dll
 0002:00000078       __imp__InitializeSListHead@4 10016078     kernel32:KERNEL32.dll
 0002:0000007c       __imp__IsDebuggerPresent@0 1001607c     kernel32:KERNEL32.dll
 0002:00000080       __imp__GetStartupInfoW@4   10016080     kernel32:KERNEL32.dll
 0002:00000084       __imp__GetModuleHandleW@4  10016084     kernel32:KERNEL32.dll
 0002:00000088       __imp__DecodePointer@4     10016088     kernel32:KERNEL32.dll
 0002:0000008c       __imp__InterlockedFlushSList@4 1001608c     kernel32:KERNEL32.dll
 0002:00000090       __imp__RtlUnwind@16        10016090     kernel32:KERNEL32.dll
 0002:00000094       __imp__GetLastError@0      10016094     kernel32:KERNEL32.dll
 0002:00000098       __imp__SetLastError@4      10016098     kernel32:KERNEL32.dll
 0002:0000009c       __imp__EnterCriticalSection@4 1001609c     kernel32:KERNEL32.dll
 0002:000000a0       __imp__LeaveCriticalSection@4 100160a0     kernel32:KERNEL32.dll
 0002:000000a4       __imp__DeleteCriticalSection@4 100160a4     kernel32:KERNEL32.dll
 0002:000000a8       __imp__InitializeCriticalSectionAndSpinCount@8 100160a8     kernel32:KERNEL32.dll
 0002:000000ac       __imp__TlsAlloc@0          100160ac     kernel32:KERNEL32.dll
 0002:000000b0       __imp__TlsGetValue@4       100160b0     kernel32:KERNEL32.dll
 0002:000000b4       __imp__TlsSetValue@8       100160b4     kernel32:KERNEL32.dll
 0002:000000b8       __imp__TlsFree@4           100160b8     kernel32:KERNEL32.dll
 0002:000000bc       __imp__FreeLibrary@4       100160bc     kernel32:KERNEL32.dll
 0002:000000c0       __imp__WriteConsoleW@20    100160c0     kernel32:KERNEL32.dll
 0002:000000c4       __imp__EncodePointer@4     100160c4     kernel32:KERNEL32.dll
 0002:000000c8       __imp__RaiseException@16   100160c8     kernel32:KERNEL32.dll
 0002:000000cc       __imp__ExitProcess@4       100160cc     kernel32:KERNEL32.dll
 0002:000000d0       __imp__GetModuleHandleExW@12 100160d0     kernel32:KERNEL32.dll
 0002:000000d4       __imp__GetModuleFileNameW@12 100160d4     kernel32:KERNEL32.dll
 0002:000000d8       __imp__HeapFree@12         100160d8     kernel32:KERNEL32.dll
 0002:000000dc       __imp__HeapAlloc@12        100160dc     kernel32:KERNEL32.dll
 0002:000000e0       __imp__GetStdHandle@4      100160e0     kernel32:KERNEL32.dll
 0002:000000e4       __imp__GetFileType@4       100160e4     kernel32:KERNEL32.dll
 0002:000000e8       __imp__FindClose@4         100160e8     kernel32:KERNEL32.dll
 0002:000000ec       __imp__FindFirstFileExW@24 100160ec     kernel32:KERNEL32.dll
 0002:000000f0       __imp__FindNextFileW@8     100160f0     kernel32:KERNEL32.dll
 0002:000000f4       __imp__IsValidCodePage@4   100160f4     kernel32:KERNEL32.dll
 0002:000000f8       __imp__GetACP@0            100160f8     kernel32:KERNEL32.dll
 0002:000000fc       __imp__GetOEMCP@0          100160fc     kernel32:KERNEL32.dll
 0002:00000100       __imp__GetCPInfo@8         10016100     kernel32:KERNEL32.dll
 0002:00000104       __imp__GetCommandLineA@0   10016104     kernel32:KERNEL32.dll
 0002:00000108       __imp__GetCommandLineW@0   10016108     kernel32:KERNEL32.dll
 0002:0000010c       __imp__MultiByteToWideChar@24 1001610c     kernel32:KERNEL32.dll
 0002:00000110       __imp__WideCharToMultiByte@32 10016110     kernel32:KERNEL32.dll
 0002:00000114       __imp__GetEnvironmentStringsW@0 10016114     kernel32:KERNEL32.dll
 0002:00000118       __imp__FreeEnvironmentStringsW@4 10016118     kernel32:KERNEL32.dll
 0002:0000011c       __imp__LCMapStringW@24     1001611c     kernel32:KERNEL32.dll
 0002:00000120       __imp__GetProcessHeap@0    10016120     kernel32:KERNEL32.dll
 0002:00000124       __imp__SetFilePointerEx@20 10016124     kernel32:KERNEL32.dll
 0002:00000128       __imp__GetStringTypeW@16   10016128     kernel32:KERNEL32.dll
 0002:0000012c       __imp__SetStdHandle@8      1001612c     kernel32:KERNEL32.dll
 0002:00000130       __imp__HeapSize@12         10016130     kernel32:KERNEL32.dll
 0002:00000134       __imp__HeapReAlloc@16      10016134     kernel32:KERNEL32.dll
 0002:00000138       __imp__FlushFileBuffers@4  10016138     kernel32:KERNEL32.dll
 0002:0000013c       __imp__GetConsoleOutputCP@0 1001613c     kernel32:KERNEL32.dll
 0002:00000140       __imp__GetConsoleMode@8    10016140     kernel32:KERNEL32.dll
 0002:00000144       \177KERNEL32_NULL_THUNK_DATA 10016144     kernel32:KERNEL32.dll
 0002:00000148       __imp__GetWindowThreadProcessId@8 10016148     user32:USER32.dll
 0002:0000014c       __imp__GetForegroundWindow@0 1001614c     user32:USER32.dll
 0002:00000150       \177USER32_NULL_THUNK_DATA 10016150     user32:USER32.dll
 0002:00000154       ___guard_check_icall_fptr  10016154     LIBCMT:guard_support.obj
 0002:00000158       ___castguard_check_failure_os_handled_fptr 10016158     LIBCMT:guard_support.obj
 0002:0000015c       ___xc_a                    1001615c     LIBCMT:initializers.obj
 0002:00000160       ___xc_z                    10016160     LIBCMT:initializers.obj
 0002:00000164       ___xi_a                    10016164     LIBCMT:initializers.obj
 0002:00000168       ___acrt_stdio_initializer  10016168     libucrt:stdio_initializer.obj
 0002:0000016c       ___acrt_multibyte_initializer 1001616c     libucrt:multibyte_initializer.obj
 0002:00000170       ___acrt_tran_sse2_initializer 10016170     libucrt:sse2_initializer.obj
 0002:00000174       ___xi_z                    10016174     LIBCMT:initializers.obj
 0002:00000178       ___xp_a                    10016178     LIBCMT:initializers.obj
 0002:0000017c       ___acrt_locale_terminator  1001617c     libucrt:locale_initializer.obj
 0002:00000180       ___dcrt_console_output_terminator 10016180     libucrt:console_output_initializer.obj
 0002:00000184       ___acrt_stdio_terminator   10016184     libucrt:stdio_initializer.obj
 0002:00000188       ___xp_z                    10016188     LIBCMT:initializers.obj
 0002:0000018c       ___xt_a                    1001618c     LIBCMT:initializers.obj
 0002:00000190       ___xt_z                    10016190     LIBCMT:initializers.obj
 0002:000006a0       ??_C@_0BC@JKHGNJOP@ACTIVE_SIMULATION@ 100166a0     bfme60fps_time_scheduler.obj
 0002:000006b4       ??_C@_06EOENDFCC@PAUSED@   100166b4     bfme60fps_time_scheduler.obj
 0002:000006bc       ??_C@_0BD@PMDKFGAI@LOADING?1TRANSITION@ 100166bc     bfme60fps_time_scheduler.obj
 0002:000006d0       ??_C@_0BE@IAONMGGM@SUSPENDED?1LARGE_GAP@ 100166d0     bfme60fps_time_scheduler.obj
 0002:000006e4       ??_C@_0BA@KABBGAJN@NETWORK_BLOCKED@ 100166e4     bfme60fps_time_scheduler.obj
 0002:000006f4       ??_C@_0BB@ENKFAPGM@LOW_FPS_SLOWDOWN@ 100166f4     bfme60fps_time_scheduler.obj
 0002:00000708       ??_C@_07NFANNNEC@UNKNOWN@  10016708     bfme60fps_time_scheduler.obj
 0002:00000710       ??_C@_0CO@FLOAFPLE@C?3?2BFME1?2BFME_MULTIPLAYER_TICK_@ 10016710     bfme60fps_time_scheduler.obj
 0002:00000740       ??_C@_0CF@IPPEHIIK@BFME_MULTIPLAYER_TICK_DIAGNOSTI@ 10016740     bfme60fps_time_scheduler.obj
 0002:00000768       ??_C@_0PD@GLBDFHDP@?$CFlu?0?$CF?46f?0?$CF?43f?0?$CFlu?0?$CFlu?0?$CF?43f?0?$CF?43f@ 10016768     bfme60fps_time_scheduler.obj
 0002:0000085c       ??_C@_0BA@EPNPIMKC@RESET?1DISCARDED@ 1001685c     bfme60fps_time_scheduler.obj
 0002:0000086c       ??_C@_0BJ@KJBFEHJ@NATIVE_ADMISSION_BLOCKED@ 1001686c     bfme60fps_time_scheduler.obj
 0002:00000888       ??_C@_0BG@LBMDEPLN@RESET?1DISCARDED_STALL@ 10016888     bfme60fps_time_scheduler.obj
 0002:000008a0       ??_C@_0BJ@BGMJHCCH@RESET?1DISCARDED_NO_LOGIC@ 100168a0     bfme60fps_time_scheduler.obj
 0002:000008bc       ??_C@_0CC@DCAKDGKC@NETWORK_SESSION_CLOCK_INITIALIZ@ 100168bc     bfme60fps_time_scheduler.obj
 0002:000008e0       ??_C@_0BK@GFGCEPPM@RESET?1DISCARDED_LIFECYCLE@ 100168e0     bfme60fps_time_scheduler.obj
 0002:000008fc       ??_C@_0BI@LFNIBEHP@RESET?1DISCARDED_LOADING@ 100168fc     bfme60fps_time_scheduler.obj
 0002:00000914       ??_C@_0BM@BHBANLKK@FOCUS_NETWORK_CLOCK_REBASED@ 10016914     bfme60fps_time_scheduler.obj
 0002:00000930       ??_C@_0BG@IGJELKCN@RESET?1DISCARDED_PAUSE@ 10016930     bfme60fps_time_scheduler.obj
 0002:00000948       ??_C@_0CD@DJMMINKD@NATIVE_PHASE1_UI_CLOCK_PASSTHRO@ 10016948     bfme60fps_time_scheduler.obj
 0002:0000096c       ??_C@_0O@PCKOOAOI@TIMER_DUE_NEW@ 1001696c     bfme60fps_time_scheduler.obj
 0002:0000097c       ??_C@_0BK@GHANNLKK@TIMER_DUE_ALREADY_PENDING@ 1001697c     bfme60fps_time_scheduler.obj
 0002:00000998       ??_C@_0O@GDCFNNFJ@TIMER_NOT_DUE@ 10016998     bfme60fps_time_scheduler.obj
 0002:000009a8       ??_C@_0BJ@NNLFCEBC@NATIVE_ADMISSION_ALLOWED@ 100169a8     bfme60fps_time_scheduler.obj
 0002:000009c4       ??_C@_0BD@EFICMCBM@GAMELOGIC_EXECUTED@ 100169c4     bfme60fps_time_scheduler.obj
 0002:000009d8       ??_C@_0BA@LAPBPPKE@PENDING_CLEARED@ 100169d8     bfme60fps_time_scheduler.obj
 0002:000009e8       ??_C@_0CN@OIAPCJEC@C?3?2BFME1?2BFME_60FPS_TIME_SCHEDU@ 100169e8     bfme60fps_time_scheduler.obj
 0002:00000a18       ??_C@_0CH@OKEGEENM@C?3?2BFME1?2BFME_60FPS_PARTICLE_PR@ 10016a18     bfme60fps_time_scheduler.obj
 0002:00000a40       ??_C@_0CI@ILMLFDIA@C?3?2BFME1?2BFME_60FPS_W3D_CLOCK_P@ 10016a40     bfme60fps_time_scheduler.obj
 0002:00000a68       ??_C@_0N@KHFDGPJ@?2dinput8?4dll@ 10016a68     bfme60fps_time_scheduler.obj
 0002:00000a78       ??_C@_0BD@IJCCAMHG@DirectInput8Create@ 10016a78     bfme60fps_time_scheduler.obj
 0002:00000a90       __real@0000000000000000    10016a90     bfme60fps_time_scheduler.obj
 0002:00000a98       __real@3e112e0be826d695    10016a98     bfme60fps_time_scheduler.obj
 0002:00000aa0       __real@3f800000            10016aa0     bfme60fps_time_scheduler.obj
 0002:00000aa8       __real@3fa1111111111111    10016aa8     bfme60fps_time_scheduler.obj
 0002:00000ab0       __real@3fc999999999999a    10016ab0     bfme60fps_time_scheduler.obj
 0002:00000ab8       __real@3fe0000000000000    10016ab8     bfme60fps_time_scheduler.obj
 0002:00000ac0       __real@3fe8000000000000    10016ac0     bfme60fps_time_scheduler.obj
 0002:00000ac8       __real@3ff0000000000000    10016ac8     bfme60fps_time_scheduler.obj
 0002:00000ad0       __real@3ff8000000000000    10016ad0     bfme60fps_time_scheduler.obj
 0002:00000ad8       __real@4000000000000000    10016ad8     bfme60fps_time_scheduler.obj
 0002:00000ae0       __real@4014000000000000    10016ae0     bfme60fps_time_scheduler.obj
 0002:00000ae8       __real@402e000000000000    10016ae8     bfme60fps_time_scheduler.obj
 0002:00000af0       __real@403e000000000000    10016af0     bfme60fps_time_scheduler.obj
 0002:00000af8       __real@406e000000000000    10016af8     bfme60fps_time_scheduler.obj
 0002:00000b00       __real@408f400000000000    10016b00     bfme60fps_time_scheduler.obj
 0002:00000b08       __real@bf800000            10016b08     bfme60fps_time_scheduler.obj
 0002:00000b10       __real@bff0000000000000    10016b10     bfme60fps_time_scheduler.obj
 0002:00000b20       __xmm@0000000040c00000000000003f800000 10016b20     bfme60fps_time_scheduler.obj
 0002:00000b30       __xmm@3fc999999999999a0000000000000000 10016b30     bfme60fps_time_scheduler.obj
 0002:00000b40       __xmm@41f00000000000000000000000000000 10016b40     bfme60fps_time_scheduler.obj
 0002:00000b78       __pDefaultRawDllMain       10016b78     LIBCMT:dll_dllmain.obj
 0002:00000b78       __pRawDllMain              10016b78     LIBCMT:dll_dllmain.obj
 0002:00000b7c       __pDestructExceptionObject 10016b7c     libvcruntime:ehhelpers.obj
 0002:00000f08       ??_C@_08EHJDFFNH@__based?$CI@ 10016f08     libvcruntime:undname.obj
 0002:00000f14       ??_C@_07KOLFKCDI@__cdecl@  10016f14     libvcruntime:undname.obj
 0002:00000f1c       ??_C@_08GHMPAG@__pascal@   10016f1c     libvcruntime:undname.obj
 0002:00000f28       ??_C@_09IFJBGAPI@__stdcall@ 10016f28     libvcruntime:undname.obj
 0002:00000f34       ??_C@_0L@NPHFGOKO@__thiscall@ 10016f34     libvcruntime:undname.obj
 0002:00000f40       ??_C@_0L@JMKHOMEK@__fastcall@ 10016f40     libvcruntime:undname.obj
 0002:00000f4c       ??_C@_0N@BCKKPABJ@__vectorcall@ 10016f4c     libvcruntime:undname.obj
 0002:00000f5c       ??_C@_09HIJEGCPM@__clrcall@ 10016f5c     libvcruntime:undname.obj
 0002:00000f68       ??_C@_06GHPCKEAG@__eabi@   10016f68     libvcruntime:undname.obj
 0002:00000f70       ??_C@_09IOPIDJLG@__swift_1@ 10016f70     libvcruntime:undname.obj
 0002:00000f7c       ??_C@_09KFNFGKHF@__swift_2@ 10016f7c     libvcruntime:undname.obj
 0002:00000f88       ??_C@_09LMMOFLDE@__swift_3@ 10016f88     libvcruntime:undname.obj
 0002:00000f94       ??_C@_07JOMMBBKO@__ptr64@  10016f94     libvcruntime:undname.obj
 0002:00000f9c       ??_C@_0L@PILCLIHE@__restrict@ 10016f9c     libvcruntime:undname.obj
 0002:00000fa8       ??_C@_0M@GFIIJFMG@__unaligned@ 10016fa8     libvcruntime:undname.obj
 0002:00000fb4       ??_C@_09DHDLOLLB@restrict?$CI@ 10016fb4     libvcruntime:undname.obj
 0002:00000fbe       ??_C@_00CNPNBAHC@@         10016fbe     libvcruntime:undname.obj
 0002:00000fc0       ??_C@_04NIHEBCM@?5new@     10016fc0     libvcruntime:undname.obj
 0002:00000fc8       ??_C@_07FPCDHGMM@?5delete@ 10016fc8     libvcruntime:undname.obj
 0002:00000fd0       ??_C@_01NEMOKFLO@?$DN@     10016fd0     libvcruntime:undname.obj
 0002:00000fd4       ??_C@_02GPIOPFAK@?$DO?$DO@ 10016fd4     libvcruntime:undname.obj
 0002:00000fd8       ??_C@_02FODMEDOG@?$DM?$DM@ 10016fd8     libvcruntime:undname.obj
 0002:00000fdc       ??_C@_01DCLJPIOD@?$CB@     10016fdc     libvcruntime:undname.obj
 0002:00000fe0       ??_C@_02EGOFBIJA@?$DN?$DN@ 10016fe0     libvcruntime:undname.obj
 0002:00000fe4       ??_C@_02FDNJECIE@?$CB?$DN@ 10016fe4     libvcruntime:undname.obj
 0002:00000fe8       ??_C@_02GPECMEKF@?$FL?$FN@ 10016fe8     libvcruntime:undname.obj
 0002:00000fec       ??_C@_08LHJFAFGD@operator@ 10016fec     libvcruntime:undname.obj
 0002:00000ff8       ??_C@_02HBOOOICD@?9?$DO@   10016ff8     libvcruntime:undname.obj
 0002:00000ffc       ??_C@_01NBENCBCI@?$CK@     10016ffc     libvcruntime:undname.obj
 0002:00001000       ??_C@_02ECNGHCIF@?$CL?$CL@ 10017000     libvcruntime:undname.obj
 0002:00001004       ??_C@_02BAABKJLB@?9?9@     10017004     libvcruntime:undname.obj
 0002:00001008       ??_C@_01JOAMLHOP@?9@       10017008     libvcruntime:undname.obj
 0002:0000100c       ??_C@_01MIFGBAGJ@?$CL@     1001700c     libvcruntime:undname.obj
 0002:00001010       ??_C@_01HNPIGOCE@?$CG@     10017010     libvcruntime:undname.obj
 0002:00001014       ??_C@_03MNHNFDLC@?9?$DO?$CK@ 10017014     libvcruntime:undname.obj
 0002:00001018       ??_C@_01KMDKNFGN@?1@       10017018     libvcruntime:undname.obj
 0002:0000101c       ??_C@_01FGNFDNOH@?$CF@     1001701c     libvcruntime:undname.obj
 0002:00001020       ??_C@_01MNNFJEPP@?$DM@     10017020     libvcruntime:undname.obj
 0002:00001024       ??_C@_02EHCHHCKH@?$DM?$DN@ 10017024     libvcruntime:undname.obj
 0002:00001028       ??_C@_01PPODPGHN@?$DO@     10017028     libvcruntime:undname.obj
 0002:0000102c       ??_C@_02EEKDKGMJ@?$DO?$DN@ 1001702c     libvcruntime:undname.obj
 0002:00001030       ??_C@_01IHBHIGKO@?0@       10017030     libvcruntime:undname.obj
 0002:00001034       ??_C@_02HCKGKOFO@?$CI?$CJ@ 10017034     libvcruntime:undname.obj
 0002:00001038       ??_C@_01PJKLJHI@?$HO@      10017038     libvcruntime:undname.obj
 0002:0000103c       ??_C@_01JKBOJNNK@?$FO@     1001703c     libvcruntime:undname.obj
 0002:00001040       ??_C@_01DNKMNLPK@?$HM@     10017040     libvcruntime:undname.obj
 0002:00001044       ??_C@_02PPKAJPJL@?$CG?$CG@ 10017044     libvcruntime:undname.obj
 0002:00001048       ??_C@_02NONPIBCD@?$HM?$HM@ 10017048     libvcruntime:undname.obj
 0002:0000104c       ??_C@_02FPIMKNGF@?$CK?$DN@ 1001704c     libvcruntime:undname.obj
 0002:00001050       ??_C@_02FOEOMHFC@?$CL?$DN@ 10017050     libvcruntime:undname.obj
 0002:00001054       ??_C@_02FKMDLLOA@?9?$DN@   10017054     libvcruntime:undname.obj
 0002:00001058       ??_C@_02FJEHGPIO@?1?$DN@   10017058     libvcruntime:undname.obj
 0002:0000105c       ??_C@_02FENAOKFI@?$CF?$DN@ 1001705c     libvcruntime:undname.obj
 0002:00001060       ??_C@_03IKFCCPFF@?$DO?$DO?$DN@ 10017060     libvcruntime:undname.obj
 0002:00001064       ??_C@_03CDNPDDLA@?$DM?$DM?$DN@ 10017064     libvcruntime:undname.obj
 0002:00001068       ??_C@_02FGJGFEAB@?$CG?$DN@ 10017068     libvcruntime:undname.obj
 0002:0000106c       ??_C@_02DHLNPPGH@?$HM?$DN@ 1001706c     libvcruntime:undname.obj
 0002:00001070       ??_C@_02MHEGNOJ@?$FO?$DN@  10017070     libvcruntime:undname.obj
 0002:00001074       ??_C@_09IFPLHPGF@?$GAvftable?8@ 10017074     libvcruntime:undname.obj
 0002:00001080       ??_C@_09BLBHBJP@?$GAvbtable?8@ 10017080     libvcruntime:undname.obj
 0002:0000108c       ??_C@_07FEEIOKP@?$GAvcall?8@ 1001708c     libvcruntime:undname.obj
 0002:00001094       ??_C@_08LLFFHHDJ@?$GAtypeof?8@ 10017094     libvcruntime:undname.obj
 0002:000010a0       ??_C@_0BF@KDPPACIK@?$GAlocal?5static?5guard?8@ 100170a0     libvcruntime:undname.obj
 0002:000010b8       ??_C@_08OBABFOLI@?$GAstring?8@ 100170b8     libvcruntime:undname.obj
 0002:000010c4       ??_C@_0BD@JDLKDPAB@?$GAvbase?5destructor?8@ 100170c4     libvcruntime:undname.obj
 0002:000010d8       ??_C@_0BN@DEGPLNFK@?$GAvector?5deleting?5destructor?8@ 100170d8     libvcruntime:undname.obj
 0002:000010f8       ??_C@_0BO@OBMKPJIG@?$GAdefault?5constructor?5closure?8@ 100170f8     libvcruntime:undname.obj
 0002:00001118       ??_C@_0BN@IMDCHIKM@?$GAscalar?5deleting?5destructor?8@ 10017118     libvcruntime:undname.obj
 0002:00001138       ??_C@_0BO@PFGOCPJJ@?$GAvector?5constructor?5iterator?8@ 10017138     libvcruntime:undname.obj
 0002:00001158       ??_C@_0BN@LFPFMEDL@?$GAvector?5destructor?5iterator?8@ 10017158     libvcruntime:undname.obj
 0002:00001178       ??_C@_0CE@IKBNEHA@?$GAvector?5vbase?5constructor?5itera@ 10017178     libvcruntime:undname.obj
 0002:0000119c       ??_C@_0BL@NILFHHPC@?$GAvirtual?5displacement?5map?8@ 1001719c     libvcruntime:undname.obj
 0002:000011b8       ??_C@_0CB@JONCMFFK@?$GAeh?5vector?5constructor?5iterator@ 100171b8     libvcruntime:undname.obj
 0002:000011dc       ??_C@_0CA@GCEOPDGL@?$GAeh?5vector?5destructor?5iterator?8@ 100171dc     libvcruntime:undname.obj
 0002:000011fc       ??_C@_0CH@OOJPLCPH@?$GAeh?5vector?5vbase?5constructor?5it@ 100171fc     libvcruntime:undname.obj
 0002:00001224       ??_C@_0BL@LLKPOHJI@?$GAcopy?5constructor?5closure?8@ 10017224     libvcruntime:undname.obj
 0002:00001240       ??_C@_0BA@KBCDOMBN@?$GAudt?5returning?8@ 10017240     libvcruntime:undname.obj
 0002:00001250       ??_C@_03KLGMFNMG@?$GAEH@   10017250     libvcruntime:undname.obj
 0002:00001254       ??_C@_05KHLCHHI@?$GARTTI@  10017254     libvcruntime:undname.obj
 0002:0000125c       ??_C@_0BA@KKLDJDLB@?$GAlocal?5vftable?8@ 1001725c     libvcruntime:undname.obj
 0002:0000126c       ??_C@_0CE@IIHCMGGL@?$GAlocal?5vftable?5constructor?5clos@ 1001726c     libvcruntime:undname.obj
 0002:00001290       ??_C@_06FHBGPFGH@?5new?$FL?$FN@ 10017290     libvcruntime:undname.obj
 0002:00001298       ??_C@_09LBNFPBCA@?5delete?$FL?$FN@ 10017298     libvcruntime:undname.obj
 0002:000012a4       ??_C@_0P@HJKNJFNN@?$GAomni?5callsig?8@ 100172a4     libvcruntime:undname.obj
 0002:000012b4       ??_C@_0BL@CNOONJFP@?$GAplacement?5delete?5closure?8@ 100172b4     libvcruntime:undname.obj
 0002:000012d0       ??_C@_0BN@CKNJLHMB@?$GAplacement?5delete?$FL?$FN?5closure?8@ 100172d0     libvcruntime:undname.obj
 0002:000012f0       ??_C@_0CG@CFDHKGGD@?$GAmanaged?5vector?5constructor?5ite@ 100172f0     libvcruntime:undname.obj
 0002:00001318       ??_C@_0CF@IMGKMJNO@?$GAmanaged?5vector?5destructor?5iter@ 10017318     libvcruntime:undname.obj
 0002:00001340       ??_C@_0CG@HLDDJMAG@?$GAeh?5vector?5copy?5constructor?5ite@ 10017340     libvcruntime:undname.obj
 0002:00001368       ??_C@_0CM@FCBBDIGB@?$GAeh?5vector?5vbase?5copy?5construct@ 10017368     libvcruntime:undname.obj
 0002:00001394       ??_C@_0BL@CLIPGLGB@?$GAdynamic?5initializer?5for?5?8@ 10017394     libvcruntime:undname.obj
 0002:000013b0       ??_C@_0CB@PDBIFEP@?$GAdynamic?5atexit?5destructor?5for?5@ 100173b0     libvcruntime:undname.obj
 0002:000013d4       ??_C@_0CD@CGAJBKEJ@?$GAvector?5copy?5constructor?5iterat@ 100173d4     libvcruntime:undname.obj
 0002:000013f8       ??_C@_0CJ@GJELGAMM@?$GAvector?5vbase?5copy?5constructor?5@ 100173f8     libvcruntime:undname.obj
 0002:00001424       ??_C@_0CL@FGIJHLCE@?$GAmanaged?5vector?5copy?5constructo@ 10017424     libvcruntime:undname.obj
 0002:00001450       ??_C@_0BM@PMGGMLDN@?$GAlocal?5static?5thread?5guard?8@ 10017450     libvcruntime:undname.obj
 0002:0000146c       ??_C@_0N@BDNMDMOL@operator?5?$CC?$CC?5@ 1001746c     libvcruntime:undname.obj
 0002:0000147c       ??_C@_0BC@GGEBGALA@operator?5co_await@ 1001747c     libvcruntime:undname.obj
 0002:00001490       ??_C@_0M@GAAIMMOH@operator?$DM?$DN?$DO@ 10017490     libvcruntime:undname.obj
 0002:0000149c       ??_C@_0BC@DAFEJGAK@?5Type?5Descriptor?8@ 1001749c     libvcruntime:undname.obj
 0002:000014b0       ??_C@_0BM@LDKODKLH@?5Base?5Class?5Descriptor?5at?5?$CI@ 100174b0     libvcruntime:undname.obj
 0002:000014cc       ??_C@_0BD@LGICGFMM@?5Base?5Class?5Array?8@ 100174cc     libvcruntime:undname.obj
 0002:000014e0       ??_C@_0BN@MECKDCOJ@?5Class?5Hierarchy?5Descriptor?8@ 100174e0     libvcruntime:undname.obj
 0002:00001500       ??_C@_0BK@CFCOFLF@?5Complete?5Object?5Locator?8@ 10017500     libvcruntime:undname.obj
 0002:0000151c       ??_C@_0BG@JNJLAMPM@?$GAanonymous?5namespace?8@ 1001751c     libvcruntime:undname.obj
 0002:00001540       ??_C@_1DM@KHCHBNEB@?$AAa?$AAp?$AAi?$AA?9?$AAm?$AAs?$AA?9?$AAw?$AAi?$AAn?$AA?9?$AAc?$AAo?$AAr?$AAe@ 10017540     libvcruntime:winapi_downlevel.obj
 0002:0000157c       ??_C@_1DK@LPPGFMPP@?$AAa?$AAp?$AAi?$AA?9?$AAm?$AAs?$AA?9?$AAw?$AAi?$AAn?$AA?9?$AAc?$AAo?$AAr?$AAe@ 1001757c     libvcruntime:winapi_downlevel.obj
 0002:000015b8       ??_C@_1BC@GDMECMAK@?$AAk?$AAe?$AAr?$AAn?$AAe?$AAl?$AA3?$AA2@ 100175b8     libvcruntime:winapi_downlevel.obj
 0002:000015cc       ??_C@_1BA@PFFKHIOG@?$AAa?$AAp?$AAi?$AA?9?$AAm?$AAs?$AA?9@ 100175cc     libvcruntime:winapi_downlevel.obj
 0002:000015e4       ??_C@_08KNHFBNJ@FlsAlloc@  100175e4     libvcruntime:winapi_downlevel.obj
 0002:000015f8       ??_C@_07PEJMOBNF@FlsFree@  100175f8     libvcruntime:winapi_downlevel.obj
 0002:00001608       ??_C@_0M@GDNOONDI@FlsGetValue@ 10017608     libvcruntime:winapi_downlevel.obj
 0002:0000161c       ??_C@_0M@JCPCPOEF@FlsSetValue@ 1001761c     libvcruntime:winapi_downlevel.obj
 0002:00001630       ??_C@_0BM@HCFOFFN@InitializeCriticalSectionEx@ 10017630     libvcruntime:winapi_downlevel.obj
 0002:00001650       ??_7exception@std@@6B@     10017650     libvcruntime:frame.obj
 0002:00001658       ??_C@_0BC@EOODALEL@Unknown?5exception@ 10017658     libvcruntime:frame.obj
 0002:00001670       ??_7bad_exception@std@@6B@ 10017670     libvcruntime:frame.obj
 0002:00001678       ??_C@_0O@DPKOEFFH@bad?5exception@ 10017678     libvcruntime:frame.obj
 0002:00001688       ?standard_lookup_table_spectre@__crt_stdio_output@@3V?$spectre_mitigated_lookup_table@Ustate_transition_pair@__crt_stdio_output@@$0IA@@1@B 10017688     libucrt:output.obj
 0002:00001788       ??_C@_1O@CEDCILHN@?$AA?$CI?$AAn?$AAu?$AAl?$AAl?$AA?$CJ@ 10017788     libucrt:output.obj
 0002:00001798       ??_C@_06OJHGLDPL@?$CInull?$CJ@ 10017798     libucrt:output.obj
 0002:00001888       ??_C@_03KHJOGHMM@exp@      10017888     libucrt:fpexcept.obj
 0002:0000188c       ??_C@_03JGHBODFD@pow@      1001788c     libucrt:fpexcept.obj
 0002:00001890       ??_C@_03MGHMBJCF@log@      10017890     libucrt:fpexcept.obj
 0002:00001894       ??_C@_05HGHHAHAP@log10@    10017894     libucrt:fpexcept.obj
 0002:0000189c       ??_C@_04COOMCNPB@sinh@     1001789c     libucrt:fpexcept.obj
 0002:000018a4       ??_C@_04HPJJNFIM@cosh@     100178a4     libucrt:fpexcept.obj
 0002:000018ac       ??_C@_04FJHINJAO@tanh@     100178ac     libucrt:fpexcept.obj
 0002:000018b4       ??_C@_04FIHNOPOL@asin@     100178b4     libucrt:fpexcept.obj
 0002:000018bc       ??_C@_04PDIFKINK@acos@     100178bc     libucrt:fpexcept.obj
 0002:000018c4       ??_C@_04MLLJIGOK@atan@     100178c4     libucrt:fpexcept.obj
 0002:000018cc       ??_C@_05KNGEOGJB@atan2@    100178cc     libucrt:fpexcept.obj
 0002:000018d4       ??_C@_04EIAKFFMI@sqrt@     100178d4     libucrt:fpexcept.obj
 0002:000018dc       ??_C@_03BLEJJJBH@sin@      100178dc     libucrt:fpexcept.obj
 0002:000018e0       ??_C@_03LALBNOCG@cos@      100178e0     libucrt:fpexcept.obj
 0002:000018e4       ??_C@_03IIINPABG@tan@      100178e4     libucrt:fpexcept.obj
 0002:000018e8       ??_C@_04GFPJNGEK@ceil@     100178e8     libucrt:fpexcept.obj
 0002:000018f0       ??_C@_05PBJFFIGL@floor@    100178f0     libucrt:fpexcept.obj
 0002:000018f8       ??_C@_04ODHECPBC@fabs@     100178f8     libucrt:fpexcept.obj
 0002:00001900       ??_C@_04EHEDPDJG@modf@     10017900     libucrt:fpexcept.obj
 0002:00001908       ??_C@_05CEJMAHNP@ldexp@    10017908     libucrt:fpexcept.obj
 0002:00001910       ??_C@_05KBKMEMPO@_cabs@    10017910     libucrt:fpexcept.obj
 0002:00001918       ??_C@_06MEIMCGCF@_hypot@   10017918     libucrt:fpexcept.obj
 0002:00001920       ??_C@_04KEPJIHGP@fmod@     10017920     libucrt:fpexcept.obj
 0002:00001928       ??_C@_05GKKHEGJL@frexp@    10017928     libucrt:fpexcept.obj
 0002:00001930       ??_C@_03MJLDFKDL@_y0@      10017930     libucrt:fpexcept.obj
 0002:00001934       ??_C@_03NAKIGLHK@_y1@      10017934     libucrt:fpexcept.obj
 0002:00001938       ??_C@_03ONILCKOB@_yn@      10017938     libucrt:fpexcept.obj
 0002:0000193c       ??_C@_05JGDBENOH@_logb@    1001793c     libucrt:fpexcept.obj
 0002:00001944       ??_C@_0L@KDOEJCKC@_nextafter@ 10017944     libucrt:fpexcept.obj
 0002:00001950       ___acrt_exception_action_table 10017950     libucrt:exception_filter.obj
 0002:000019e0       ___acrt_signal_action_table_count 100179e0     libucrt:exception_filter.obj
 0002:000019e4       ___acrt_signal_action_first_fpe_index 100179e4     libucrt:exception_filter.obj
 0002:000019e8       ___acrt_signal_action_fpe_count 100179e8     libucrt:exception_filter.obj
 0002:000019ec       ??_C@_1BI@BGOHAHKC@?$AAm?$AAs?$AAc?$AAo?$AAr?$AAe?$AAe?$AA?4?$AAd?$AAl?$AAl@ 100179ec     libucrt:exit.obj
 0002:00001a04       ??_C@_0P@MIGLKIOC@CorExitProcess@ 10017a04     libucrt:exit.obj
[...]
 0002:00005860       Two52                      1001b860     libucrt:log10_pentium4.obj
 0002:00005870       Infs                       1001b870     libucrt:log10_pentium4.obj
 0002:00005880       NaN                        1001b880     libucrt:log10_pentium4.obj
 0002:00005890       coeff                      1001b890     libucrt:log10_pentium4.obj
 0002:000058ee       _log2max                   1001b8ee     libucrt:87tran.obj
 0002:000058f8       _smallarg                  1001b8f8     libucrt:87tran.obj
 0002:00005902       _half                      1001b902     libucrt:87tran.obj
 0002:0000594e       One                        1001b94e     libucrt:87disp.obj
 0002:00005956       Three                      1001b956     libucrt:87disp.obj
 0002:0000595e       XAMtoTagTab                1001b95e     libucrt:87disp.obj
 0002:00005970       One                        1001b970     libucrt:common.obj
 0002:00005984       DblMax                     1001b984     libucrt:common.obj
 0002:0000598c       DblMin                     1001b98c     libucrt:common.obj
 0002:00005994       IeeeAdjO                   1001b994     libucrt:common.obj
 0002:0000599c       IeeeAdjU                   1001b99c     libucrt:common.obj
 0002:000059a4       _infinity                  1001b9a4     libucrt:common.obj
 0002:000059ac       _zero                      1001b9ac     libucrt:common.obj
 0002:00006200       two32                      1001c200     LIBCMT:ftol2.obj
 0002:00006204       two63                      1001c204     LIBCMT:ftol2.obj
 0002:00006208       two64                      1001c208     LIBCMT:ftol2.obj
 0002:0000620c       _NaN                       1001c20c     LIBCMT:ftol2.obj
 0002:00006830       __sehtable$?dllmain_crt_process_attach@@YAHQAUHINSTANCE__@@QAX@Z 1001c830     LIBCMT:dll_dllmain.obj
 0002:00006850       __sehtable$?dllmain_crt_process_detach@@YAH_N@Z 1001c850     LIBCMT:dll_dllmain.obj
 0002:00006878       __sehtable$?dllmain_dispatch@@YAHQAUHINSTANCE__@@KQAX@Z 1001c878     LIBCMT:dll_dllmain.obj
 0002:00006898       __sehtable$___scrt_is_nonwritable_in_current_image 1001c898     LIBCMT:utility.obj
 0002:000068b8       __sehtable$___DestructExceptionObject 1001c8b8     libvcruntime:ehhelpers.obj
 0002:000068d8       __sehtable$?FrameUnwindToState@__FrameHandler3@@SAXPAUEHRegistrationNode@@PAXPBU_s_FuncInfo@@H@Z 1001c8d8     libvcruntime:frame.obj
 0002:00006900       __sehtable$?CallCatchBlock@@YAPAXPAUEHExceptionRecord@@PAUEHRegistrationNode@@PAU_CONTEXT@@PBU_s_FuncInfo@@PAXHK@Z 1001c900     libvcruntime:frame.obj
 0002:00006928       __catchsym$?CallUnexpected@@YAXPBU_s_ESTypeList@@@Z$2 1001c928     libvcruntime:frame.obj
 0002:00006938       __unwindtable$?CallUnexpected@@YAXPBU_s_ESTypeList@@@Z 1001c938     libvcruntime:frame.obj
 0002:00006948       __tryblocktable$?CallUnexpected@@YAXPBU_s_ESTypeList@@@Z 1001c948     libvcruntime:frame.obj
 0002:0000695c       __ehfuncinfo$?CallUnexpected@@YAXPBU_s_ESTypeList@@@Z 1001c95c     libvcruntime:frame.obj
 0002:00006980       __sehtable$??$BuildCatchObjectHelperInternal@V__FrameHandler3@@@@YAHPAUEHExceptionRecord@@PAXPBU_s_HandlerType@@PBU_s_CatchableType@@@Z 1001c980     libvcruntime:frame.obj
 0002:000069a0       __sehtable$??$BuildCatchObjectInternal@V__FrameHandler3@@@@YAXPAUEHExceptionRecord@@PAXPBU_s_HandlerType@@PBU_s_CatchableType@@@Z 1001c9a0     libvcruntime:frame.obj
 0002:00006a10       __ehfuncinfo$?write_double_translated_ansi_nolock@@YA?AUwrite_result@?A0x17268360@@HQBDIAAV__crt_cached_ptd_host@@@Z 1001ca10     libucrt:write.obj
 0002:00006a10       __ehfuncinfo$?try_cor_exit_process@@YAXI@Z 1001ca10     libucrt:exit.obj
 0002:00006a34       __unwindtable$?common_exit@@YAXHW4_crt_exit_cleanup_mode@@W4_crt_exit_return_mode@@@Z 1001ca34     libucrt:exit.obj
 0002:00006a3c       __ehfuncinfo$?common_exit@@YAXHW4_crt_exit_cleanup_mode@@W4_crt_exit_return_mode@@@Z 1001ca3c     libucrt:exit.obj
 0002:00006a60       __sehtable$??R<lambda_6e4b09c48022b2350581041d5f6b0c4c>@@QBE@XZ 1001ca60     libucrt:exit.obj
 0002:00006a80       __sehtable$??$?RV<lambda_03b1d95aef87969028cfba75ccab2455>@@AAV<lambda_6e4b09c48022b2350581041d5f6b0c4c>@@V<lambda_22bdf7517842c4b3e53723af5aa32b9e>@@@?$__crt_seh_guarded_call@X@@QAEX$$QAV<lambda_03b1d95aef87969028cfba75ccab2455>@@AAV<lambda_6e4b09c48022b2350581041d5f6b0c4c>@@$$QAV<lambda_22bdf7517842c4b3e53723af5aa32b9e>@@@Z 1001ca80     libucrt:exit.obj
 0002:00006a9c       __unwindtable$___dcrt_uninitialize_environments_nolock 1001ca9c     libucrt:environment_initialization.obj
 0002:00006aac       __ehfuncinfo$___dcrt_uninitialize_environments_nolock 1001caac     libucrt:environment_initialization.obj
 0002:00006ad0       __unwindtable$__execute_onexit_table 1001cad0     libucrt:onexit.obj
 0002:00006ad8       __ehfuncinfo$__execute_onexit_table 1001cad8     libucrt:onexit.obj
 0002:00006b00       __sehtable$??$?RV<lambda_69a2805e680e0e292e8ba93315fe43a8>@@AAV<lambda_f03950bc5685219e0bcd2087efbe011e>@@V<lambda_03fcd07e894ec930e3f35da366ca99d6>@@@?$__crt_seh_guarded_call@H@@QAEH$$QAV<lambda_69a2805e680e0e292e8ba93315fe43a8>@@AAV<lambda_f03950bc5685219e0bcd2087efbe011e>@@$$QAV<lambda_03fcd07e894ec930e3f35da366ca99d6>@@@Z 1001cb00     libucrt:onexit.obj
 0002:00006b20       __sehtable$_terminate      1001cb20     libucrt:terminate.obj
 0002:00006b40       __sehtable$??$?RV<lambda_15ade71b0218206bbe3333a0c9b79046>@@AAV<lambda_da44e0f8b0f19ba52fefafb335991732>@@V<lambda_207f2d024fc103971653565357d6cd41>@@@?$__crt_seh_guarded_call@X@@QAEX$$QAV<lambda_15ade71b0218206bbe3333a0c9b79046>@@AAV<lambda_da44e0f8b0f19ba52fefafb335991732>@@$$QAV<lambda_207f2d024fc103971653565357d6cd41>@@@Z 1001cb40     libucrt:per_thread_data.obj
 0002:00006b60       __sehtable$??$?RV<lambda_a7e850c220f1c8d1e6efeecdedd162c6>@@AAV<lambda_46720907175c18b6c9d2717bc0d2d362>@@V<lambda_9048902d66e8d99359bc9897bbb930a8>@@@?$__crt_seh_guarded_call@X@@QAEX$$QAV<lambda_a7e850c220f1c8d1e6efeecdedd162c6>@@AAV<lambda_46720907175c18b6c9d2717bc0d2d362>@@$$QAV<lambda_9048902d66e8d99359bc9897bbb930a8>@@@Z 1001cb60     libucrt:per_thread_data.obj
 0002:00006b80       __sehtable$??$?RV<lambda_38edbb1296d33220d7e4dd0ed76b244a>@@AAV<lambda_5ce1d447e08cb34b2473517608e21441>@@V<lambda_fb385d3da700c9147fc39e65dd577a8c>@@@?$__crt_seh_guarded_call@X@@QAEX$$QAV<lambda_38edbb1296d33220d7e4dd0ed76b244a>@@AAV<lambda_5ce1d447e08cb34b2473517608e21441>@@$$QAV<lambda_fb385d3da700c9147fc39e65dd577a8c>@@@Z 1001cb80     libucrt:per_thread_data.obj
 0002:00006ba0       __sehtable$??$?RV<lambda_6affb1475c98b40b75cdec977db92e3c>@@AAV<lambda_b8d4b9c228a6ecc3f80208dbb4b4a104>@@V<lambda_608742c3c92a14382c1684fc64f96c88>@@@?$__crt_seh_guarded_call@X@@QAEX$$QAV<lambda_6affb1475c98b40b75cdec977db92e3c>@@AAV<lambda_b8d4b9c228a6ecc3f80208dbb4b4a104>@@$$QAV<lambda_608742c3c92a14382c1684fc64f96c88>@@@Z 1001cba0     libucrt:per_thread_data.obj
 0002:00006bc0       __sehtable$??$?RV<lambda_e5124f882df8998aaf41531e079ba474>@@AAV<lambda_3e16ef9562a7dcce91392c22ab16ea36>@@V<lambda_e25ca0880e6ef98be67edffd8c599615>@@@?$__crt_seh_guarded_call@X@@QAEX$$QAV<lambda_e5124f882df8998aaf41531e079ba474>@@AAV<lambda_3e16ef9562a7dcce91392c22ab16ea36>@@$$QAV<lambda_e25ca0880e6ef98be67edffd8c599615>@@@Z 1001cbc0     libucrt:wsetlocale.obj
 0002:00006be0       __sehtable$___acrt_initialize_lowio 1001cbe0     libucrt:ioinit.obj
 0002:00006c00       __sehtable$___set_fpsr_sse2 1001cc00     libucrt:fpctrl.obj
 0002:00006c20       __sehtable$?update_thread_multibyte_data_internal@@YAPAU__crt_multibyte_data@@QAU__acrt_ptd@@QAPAU1@@Z 1001cc20     libucrt:mbctype.obj
 0002:00006c40       __sehtable$??$?RV<lambda_ceb1ee4838e85a9d631eb091e2fbe199>@@AAV<lambda_ae742caa10f662c28703da3d2ea5e57e>@@V<lambda_cd08b5d6af4937fe54fc07d0c9bf6b37>@@@?$__crt_seh_guarded_call@X@@QAEX$$QAV<lambda_ceb1ee4838e85a9d631eb091e2fbe199>@@AAV<lambda_ae742caa10f662c28703da3d2ea5e57e>@@$$QAV<lambda_cd08b5d6af4937fe54fc07d0c9bf6b37>@@@Z 1001cc40     libucrt:mbctype.obj
 0002:00006c60       __sehtable$__query_new_handler 1001cc60     libucrt:new_handler.obj
 0002:00006c80       __sehtable$_raise          1001cc80     libucrt:signal.obj
 0002:00006ca0       __sehtable$??$?RV<lambda_cbab9ec6f41b0180b23cc171c22676b0>@@AAV<lambda_44731a7d0e6d81c3e6aa82d741081786>@@V<lambda_4b292cb8dd18144e164572427af410ab>@@@?$__crt_seh_guarded_call@P6AXH@Z@@QAEP6AXH@Z$$QAV<lambda_cbab9ec6f41b0180b23cc171c22676b0>@@AAV<lambda_44731a7d0e6d81c3e6aa82d741081786>@@$$QAV<lambda_4b292cb8dd18144e164572427af410ab>@@@Z 1001cca0     libucrt:signal.obj
 0002:00006cc0       __sehtable$??$?RV<lambda_2866be3712abc81a800a822484c830d8>@@AAV<lambda_39ca0ed439415581b5b15c265174cece>@@V<lambda_2b24c74d71094a6cd0cb82e44167d71b>@@@?$__crt_seh_guarded_call@X@@QAEX$$QAV<lambda_2866be3712abc81a800a822484c830d8>@@AAV<lambda_39ca0ed439415581b5b15c265174cece>@@$$QAV<lambda_2b24c74d71094a6cd0cb82e44167d71b>@@@Z 1001ccc0     libucrt:fflush.obj
 0002:00006ce0       __sehtable$??$?RV<lambda_2cc53f568c5a2bb6f192f930a45d44ea>@@AAV<lambda_ab61a845afdef5b7c387490eaf3616ee>@@V<lambda_c2ffc0b7726aa6be21d5f0026187e748>@@@?$__crt_seh_guarded_call@X@@QAEX$$QAV<lambda_2cc53f568c5a2bb6f192f930a45d44ea>@@AAV<lambda_ab61a845afdef5b7c387490eaf3616ee>@@$$QAV<lambda_c2ffc0b7726aa6be21d5f0026187e748>@@@Z 1001cce0     libucrt:fflush.obj
 0002:00006d00       __sehtable$___acrt_update_thread_locale_data 1001cd00     libucrt:locale_refcounting.obj
 0002:00006d20       __sehtable$__fcloseall     1001cd20     libucrt:closeall.obj
 0002:00006d40       __sehtable$___acrt_lowio_ensure_fh_exists 1001cd40     libucrt:osfinfo.obj
 0002:00006d60       __sehtable$??$?RV<lambda_9e9de3de5fa147e2223d7db92bc10aa6>@@AAV<lambda_38ce7e780aa69e748d6df282ebc68efe>@@V<lambda_8ca6da459f0f6780f1cff60fdc3d00e5>@@@?$__crt_seh_guarded_call@H@@QAEH$$QAV<lambda_9e9de3de5fa147e2223d7db92bc10aa6>@@AAV<lambda_38ce7e780aa69e748d6df282ebc68efe>@@$$QAV<lambda_8ca6da459f0f6780f1cff60fdc3d00e5>@@@Z 1001cd60     libucrt:commit.obj
 0002:00006d80       __sehtable$__write_internal 1001cd80     libucrt:write.obj
 0002:00006da0       __sehtable$?_fclose_internal@@YAHQAU_iobuf@@AAV__crt_cached_ptd_host@@@Z 1001cda0     libucrt:fclose.obj
 0002:00006dc0       __sehtable$??$?RV<lambda_d422a76eb4c3bf3ad751449ab71a6ea4>@@AAV<lambda_c9ba49e555ba839a7b07aa3fbecb7617>@@V<lambda_9476263c8ee91a25d21c55370bdb50de>@@@?$__crt_seh_guarded_call@H@@QAEH$$QAV<lambda_d422a76eb4c3bf3ad751449ab71a6ea4>@@AAV<lambda_c9ba49e555ba839a7b07aa3fbecb7617>@@$$QAV<lambda_9476263c8ee91a25d21c55370bdb50de>@@@Z 1001cdc0     libucrt:close.obj
 0002:00006de0       __sehtable$__IsNonwritableInCurrentImage 1001cde0     LIBCMT:pesect.obj
 0002:00006e00       .edata                     1001ce00     dinput8.exp
 0002:00006e28       rgpv                       1001ce28     dinput8.exp
 0002:00006e2c       rgszName                   1001ce2c     dinput8.exp
 0002:00006e30       rgwOrd                     1001ce30     dinput8.exp
 0002:00006e32       szName                     1001ce32     dinput8.exp
 0002:00006e3e       $N00001                    1001ce3e     dinput8.exp
 0002:00007016       .idata$6                   1001d016     user32:USER32.dll
 0002:00007298       .idata$6                   1001d298     kernel32:KERNEL32.dll
 0003:00000000       _g_fx                      1001e000     bfme60fps_time_scheduler.obj
 0003:00000020       _g_visual                  1001e020     bfme60fps_time_scheduler.obj
 0003:00000050       _g_timingLog               1001e050     bfme60fps_time_scheduler.obj
 0003:00000054       _g_lastForeground          1001e054     bfme60fps_time_scheduler.obj
 0003:00000058       _g_focusForeground         1001e058     bfme60fps_time_scheduler.obj
 0003:00000080       ?__vcrt_flsindex@@3KA      1001e080     libvcruntime:per_thread_data.obj
 0003:000000b0       ?errno_no_memory@@3HA      1001e0b0     libucrt:errno.obj
 0003:000000b4       ?doserrno_no_memory@@3KA   1001e0b4     libucrt:errno.obj
 0003:00000160       ?__acrt_flsindex@@3KA      1001e160     libucrt:per_thread_data.obj
 0003:0000022c       ?__DAZ_ENABLED@?1??__set_fpsr_sse2@@9@9 1001e22c     libucrt:fpctrl.obj
 0003:00000450       __mbctypes                 1001e450     libucrt:mbctype.obj
 0003:00000558       __mbcasemaps               1001e558     libucrt:mbctype.obj
 0003:00000658       ?__rgctypeflag@@3PADA      1001e658     libucrt:mbctype.obj
 0003:00000660       ?__rgcode_page_info@@3PAUcode_page_info@@A 1001e660     libucrt:mbctype.obj
 0003:000008b0       ?__dcrt_lowio_console_output_handle@@3PAXA 1001e8b0     libucrt:initcon.obj
 0003:00000918       _g_di                      1001e918     bfme60fps_time_scheduler.obj
 0003:0000091c       _g_create                  1001e91c     bfme60fps_time_scheduler.obj
 0003:00000920       _g_started                 1001e920     bfme60fps_time_scheduler.obj
 0003:00000924       _g_patchApplied            1001e924     bfme60fps_time_scheduler.obj
 0003:00000928       _g_states                  1001e928     bfme60fps_time_scheduler.obj
 0003:00004928       _g_objectAnims             10022928     bfme60fps_time_scheduler.obj
 0003:00007928       _g_syncClocks              10025928     bfme60fps_time_scheduler.obj
 0003:000079c8       _g_syncCalls               100259c8     bfme60fps_time_scheduler.obj
 0003:000079cc       _g_targetCalls             100259cc     bfme60fps_time_scheduler.obj
 0003:000079d0       _g_syncCounts              100259d0     bfme60fps_time_scheduler.obj
 0003:000079e4       _g_image                   100259e4     bfme60fps_time_scheduler.obj
 0003:000079e8       _g_lastTargetRaw           100259e8     bfme60fps_time_scheduler.obj
 0003:000079ec       _g_lastTargetOut           100259ec     bfme60fps_time_scheduler.obj
 0003:000079f0       _g_w3dOld                  100259f0     bfme60fps_time_scheduler.obj
 0003:000079f4       _g_w3dNew                  100259f4     bfme60fps_time_scheduler.obj
 0003:000079f8       _g_particleStates          100259f8     bfme60fps_time_scheduler.obj
 0003:000f79f8       _g_particlePatches         101159f8     bfme60fps_time_scheduler.obj
 0003:001379f8       _g_particleGetters         101559f8     bfme60fps_time_scheduler.obj
 0003:00137a10       _g_particleRenderOriginal  10155a10     bfme60fps_time_scheduler.obj
 0003:00137a14       _g_cameraScrollOriginal    10155a14     bfme60fps_time_scheduler.obj
 0003:00137a18       _g_cameraScrollCalls       10155a18     bfme60fps_time_scheduler.obj
 0003:00137a1c       _g_particleRenderContext   10155a1c     bfme60fps_time_scheduler.obj
 0003:00137a20       _g_particleRenderCalls     10155a20     bfme60fps_time_scheduler.obj
 0003:00137a24       _g_particleInterpolated    10155a24     bfme60fps_time_scheduler.obj
 0003:00137a28       _g_particleRenderSerial    10155a28     bfme60fps_time_scheduler.obj
 0003:00137a2c       _g_particleRenderPhase     10155a2c     bfme60fps_time_scheduler.obj
 0003:00137a30       _g_timing                  10155a30     bfme60fps_time_scheduler.obj
 0003:00137ab0       _g_dueDecision             10155ab0     bfme60fps_time_scheduler.obj
 0003:00137ab4       _g_pendingTick             10155ab4     bfme60fps_time_scheduler.obj
 0003:00137ab8       _g_admissionAttemptInFlight 10155ab8     bfme60fps_time_scheduler.obj
 0003:00137abc       _g_phaseDecision           10155abc     bfme60fps_time_scheduler.obj
 0003:00137ac0       _g_pendingInterval         10155ac0     bfme60fps_time_scheduler.obj
 0003:00137ac8       _g_skipPhaseDispatch       10155ac8     bfme60fps_time_scheduler.obj
 0003:00137acc       _g_w3dClockFrozen          10155acc     bfme60fps_time_scheduler.obj
 0003:00137ad0       _g_legacyPhaseCalls        10155ad0     bfme60fps_time_scheduler.obj
 0003:00137ad4       _g_networkFocusRebasePending 10155ad4     bfme60fps_time_scheduler.obj
 0003:00137ad8       _g_networkSessionResetPending 10155ad8     bfme60fps_time_scheduler.obj
 0003:00137adc       _g_networkFocusRebases     10155adc     bfme60fps_time_scheduler.obj
 0003:00137ae0       _g_networkSessionResets    10155ae0     bfme60fps_time_scheduler.obj
 0003:00137ae8       _GS_ExceptionRecord        10155ae8     LIBCMT:gs_report.obj
 0003:00137b38       _GS_ContextRecord          10155b38     LIBCMT:gs_report.obj
 0003:00137e04       ?__proc_attached@@3HA      10155e04     LIBCMT:dll_dllmain.obj
 0003:00137e28       ?is_initialized_as_dll@@3_NA 10155e28     LIBCMT:utility.obj
 0003:00137e29       ?module_local_atexit_table_initialized@@3_NA 10155e29     LIBCMT:utility.obj
 0003:00137e2c       ?module_local_atexit_table@@3U_onexit_table_t@@A 10155e2c     LIBCMT:utility.obj
 0003:00137e38       ?module_local_at_quick_exit_table@@3U_onexit_table_t@@A 10155e38     LIBCMT:utility.obj
 0003:00137e74       ?heap@@3V_HeapManager@@A   10155e74     libvcruntime:undname.obj
 0003:00137e88       ?__vcrt_startup_thread_ptd@@3U__vcrt_ptd@@A 10155e88     libvcruntime:per_thread_data.obj
 0003:00137eb0       ___vcrt_lock_table         10155eb0     libvcruntime:locks.obj
 0003:00137ec8       ___vcrt_locks_initialized  10155ec8     libvcruntime:locks.obj
 0003:00137ecc       ?module_handles@@3PAPAUHINSTANCE__@@A 10155ecc     libvcruntime:winapi_downlevel.obj
 0003:00137ed8       ?function_pointers@@3PAPAXA 10155ed8     libvcruntime:winapi_downlevel.obj
 0003:00137ef0       ?c_termination_complete@@3JA 10155ef0     libucrt:exit.obj
 0003:00137ef4       ?thread_local_exit_callback_func@@3P6GXPAXK0@ZA 10155ef4     libucrt:exit.obj
 0003:00137f00       ?program_name@?1???$common_configure_argv@D@@YAHW4_crt_argv_mode@@@Z@4PADA 10155f00     libucrt:argv_parsing.obj
 0003:00138030       ?__acrt_invalid_parameter_handler@@3V?$dual_state_global@P6AXPB_W00II@Z@__crt_state_management@@A 10156030     libucrt:invalid_parameter.obj
 0003:00138034       ?internal_state@?1??_mbtowc_internal@@9@4U_Mbstatet@@A 10156034     libucrt:mbtowc.obj
 0003:00138044       ?enable_percent_n@@3IA     10156044     libucrt:printf_count_output.obj
 0003:0013825c       ?user_matherr@@3V?$dual_state_global@P6AHPAU_exception@@@Z@__crt_state_management@@A 1015625c     libucrt:matherr.obj
 0003:00138260       ?__acrt_lock_table@@3PAU_RTL_CRITICAL_SECTION@@A 10156260     libucrt:locks.obj
 0003:001383b0       ?__acrt_locks_initialized@@3IA 101563b0     libucrt:locks.obj
 0003:001383c0       ?fSystemSet@@3HA           101563c0     libucrt:mbctype.obj
 0003:001383c4       ?initialized@?1??__acrt_initialize_multibyte@@9@4_NA 101563c4     libucrt:mbctype.obj
 0003:001383e0       ?module_handles@@3PAPAUHINSTANCE__@@A 101563e0     libucrt:winapi_thunks.obj
 0003:00138430       ?encoded_function_pointers@@3PAPAXA 10156430     libucrt:winapi_thunks.obj
 0003:001384bc       ?__acrt_new_handler@@3V?$dual_state_global@P6AHI@Z@__crt_state_management@@A 101564bc     libucrt:new_handler.obj
 0003:001384c0       ?ctrlc_action@@3V?$dual_state_global@P6AXH@Z@__crt_state_management@@A 101564c0     libucrt:signal.obj
 0003:001384c4       ?ctrlbreak_action@@3V?$dual_state_global@P6AXH@Z@__crt_state_management@@A 101564c4     libucrt:signal.obj
 0003:001384c8       ?abort_action@@3V?$dual_state_global@P6AXH@Z@__crt_state_management@@A 101564c8     libucrt:signal.obj
 0003:001384cc       ?term_action@@3V?$dual_state_global@P6AXH@Z@__crt_state_management@@A 101564cc     libucrt:signal.obj
 0003:001384d0       ?__acrt_global_new_mode@@3V?$dual_state_global@J@__crt_state_management@@A 101564d0     libucrt:new_mode.obj
 0003:001384dc       ?internal_pst@?1??__mbrtoc32_utf8@__crt_mbstring@@YAIPA_UPBDIPAU_Mbstatet@@AAV__crt_cached_ptd_host@@@Z@4U3@A 101564dc     libucrt:mbrtoc32.obj
 0003:001384e4       ?__acrt_app_type@@3W4_crt_app_type@@A 101564e4     libucrt:report_runtime_error.obj
 0003:001384ec       __pmatherr_set             101564ec     libucrt:libm_error.obj
